Component: ARM Compiler 5.06 update 6 (build 750) Tool: armlink [4d35ed]

==============================================================================

Section Cross References

    startup_stm32f103xb.o(STACK) refers (Special) to heapauxi.o(.text) for __use_two_region_memory
    startup_stm32f103xb.o(HEAP) refers (Special) to heapauxi.o(.text) for __use_two_region_memory
    startup_stm32f103xb.o(RESET) refers (Special) to heapauxi.o(.text) for __use_two_region_memory
    startup_stm32f103xb.o(RESET) refers to startup_stm32f103xb.o(STACK) for __initial_sp
    startup_stm32f103xb.o(RESET) refers to startup_stm32f103xb.o(.text) for Reset_Handler
    startup_stm32f103xb.o(RESET) refers to stm32f1xx_it.o(i.NMI_Handler) for NMI_Handler
    startup_stm32f103xb.o(RESET) refers to stm32f1xx_it.o(i.HardFault_Handler) for HardFault_Handler
    startup_stm32f103xb.o(RESET) refers to stm32f1xx_it.o(i.MemManage_Handler) for MemManage_Handler
    startup_stm32f103xb.o(RESET) refers to stm32f1xx_it.o(i.BusFault_Handler) for BusFault_Handler
    startup_stm32f103xb.o(RESET) refers to stm32f1xx_it.o(i.UsageFault_Handler) for UsageFault_Handler
    startup_stm32f103xb.o(RESET) refers to stm32f1xx_it.o(i.SVC_Handler) for SVC_Handler
    startup_stm32f103xb.o(RESET) refers to stm32f1xx_it.o(i.DebugMon_Handler) for DebugMon_Handler
    startup_stm32f103xb.o(RESET) refers to stm32f1xx_it.o(i.PendSV_Handler) for PendSV_Handler
    startup_stm32f103xb.o(RESET) refers to stm32f1xx_it.o(i.SysTick_Handler) for SysTick_Handler
    startup_stm32f103xb.o(.text) refers (Special) to heapauxi.o(.text) for __use_two_region_memory
    startup_stm32f103xb.o(.text) refers to system_stm32f1xx.o(i.SystemInit) for SystemInit
    startup_stm32f103xb.o(.text) refers to __main.o(!!!main) for __main
    startup_stm32f103xb.o(.text) refers to startup_stm32f103xb.o(HEAP) for Heap_Mem
    startup_stm32f103xb.o(.text) refers to startup_stm32f103xb.o(STACK) for Stack_Mem
    fonts.o(i.FONTS_GetStringSize) refers to strlen.o(.text) for strlen
    fonts.o(.data) refers to fonts.o(.constdata) for Font7x10
    fonts.o(.data) refers to fonts.o(.constdata) for Font11x18
    fonts.o(.data) refers to fonts.o(.constdata) for Font16x26
    hx711.o(i.hx711_calibration) refers to hx711.o(i.hx711_lock) for hx711_lock
    hx711.o(i.hx711_calibration) refers to fflt_clz.o(x$fpl$fflt) for __aeabi_i2f
    hx711.o(i.hx711_calibration) refers to fdiv.o(x$fpl$fdiv) for __aeabi_fdiv
    hx711.o(i.hx711_delay_us) refers to stm32f1xx_hal_tim.o(i.HAL_TIM_Base_Start) for HAL_TIM_Base_Start
    hx711.o(i.hx711_delay_us) refers to stm32f1xx_hal_tim.o(i.HAL_TIM_Base_Stop) for HAL_TIM_Base_Stop
    hx711.o(i.hx711_delay_us) refers to system_stm32f1xx.o(.data) for SystemCoreClock
    hx711.o(i.hx711_delay_us) refers to main.o(.bss) for htim1
    hx711.o(i.hx711_init) refers to hx711.o(i.hx711_lock) for hx711_lock
    hx711.o(i.hx711_init) refers to stm32f1xx_hal_gpio.o(i.HAL_GPIO_Init) for HAL_GPIO_Init
    hx711.o(i.hx711_init) refers to stm32f1xx_hal_gpio.o(i.HAL_GPIO_WritePin) for HAL_GPIO_WritePin
    hx711.o(i.hx711_init) refers to stm32f1xx_hal.o(i.HAL_Delay) for HAL_Delay
    hx711.o(i.hx711_init) refers to hx711.o(i.hx711_value) for hx711_value
    hx711.o(i.hx711_lock) refers to stm32f1xx_hal.o(i.HAL_Delay) for HAL_Delay
    hx711.o(i.hx711_power_down) refers to stm32f1xx_hal_gpio.o(i.HAL_GPIO_WritePin) for HAL_GPIO_WritePin
    hx711.o(i.hx711_power_down) refers to stm32f1xx_hal.o(i.HAL_Delay) for HAL_Delay
    hx711.o(i.hx711_power_up) refers to stm32f1xx_hal_gpio.o(i.HAL_GPIO_WritePin) for HAL_GPIO_WritePin
    hx711.o(i.hx711_tare) refers to hx711.o(i.hx711_lock) for hx711_lock
    hx711.o(i.hx711_tare) refers to hx711.o(i.hx711_value) for hx711_value
    hx711.o(i.hx711_tare) refers to stm32f1xx_hal.o(i.HAL_Delay) for HAL_Delay
    hx711.o(i.hx711_tare) refers to llsdiv.o(.text) for __aeabi_ldivmod
    hx711.o(i.hx711_value) refers to stm32f1xx_hal.o(i.HAL_GetTick) for HAL_GetTick
    hx711.o(i.hx711_value) refers to stm32f1xx_hal.o(i.HAL_Delay) for HAL_Delay
    hx711.o(i.hx711_value) refers to stm32f1xx_hal_gpio.o(i.HAL_GPIO_ReadPin) for HAL_GPIO_ReadPin
    hx711.o(i.hx711_value) refers to stm32f1xx_hal_gpio.o(i.HAL_GPIO_WritePin) for HAL_GPIO_WritePin
    hx711.o(i.hx711_value) refers to hx711.o(i.hx711_delay_us) for hx711_delay_us
    hx711.o(i.hx711_value_ave) refers to hx711.o(i.hx711_lock) for hx711_lock
    hx711.o(i.hx711_value_ave) refers to hx711.o(i.hx711_value) for hx711_value
    hx711.o(i.hx711_value_ave) refers to stm32f1xx_hal.o(i.HAL_Delay) for HAL_Delay
    hx711.o(i.hx711_value_ave) refers to llsdiv.o(.text) for __aeabi_ldivmod
    hx711.o(i.hx711_weight) refers to hx711.o(i.hx711_lock) for hx711_lock
    hx711.o(i.hx711_weight) refers to hx711.o(i.hx711_value) for hx711_value
    hx711.o(i.hx711_weight) refers to stm32f1xx_hal.o(i.HAL_Delay) for HAL_Delay
    hx711.o(i.hx711_weight) refers to llsdiv.o(.text) for __aeabi_ldivmod
[...]
    ../Drivers/STM32F1xx_HAL_Driver/Src/stm32f1xx_hal_gpio.c 0x00000000   Number         0  stm32f1xx_hal_gpio.o ABSOLUTE
    ../Drivers/STM32F1xx_HAL_Driver/Src/stm32f1xx_hal_gpio_ex.c 0x00000000   Number         0  stm32f1xx_hal_gpio_ex.o ABSOLUTE
    ../Drivers/STM32F1xx_HAL_Driver/Src/stm32f1xx_hal_i2c.c 0x00000000   Number         0  stm32f1xx_hal_i2c.o ABSOLUTE
    ../Drivers/STM32F1xx_HAL_Driver/Src/stm32f1xx_hal_pwr.c 0x00000000   Number         0  stm32f1xx_hal_pwr.o ABSOLUTE
    ../Drivers/STM32F1xx_HAL_Driver/Src/stm32f1xx_hal_rcc.c 0x00000000   Number         0  stm32f1xx_hal_rcc.o ABSOLUTE
    ../Drivers/STM32F1xx_HAL_Driver/Src/stm32f1xx_hal_rcc_ex.c 0x00000000   Number         0  stm32f1xx_hal_rcc_ex.o ABSOLUTE
    ../Drivers/STM32F1xx_HAL_Driver/Src/stm32f1xx_hal_tim.c 0x00000000   Number         0  stm32f1xx_hal_tim.o ABSOLUTE
    ../Drivers/STM32F1xx_HAL_Driver/Src/stm32f1xx_hal_tim_ex.c 0x00000000   Number         0  stm32f1xx_hal_tim_ex.o ABSOLUTE
    ../Drivers/STM32F1xx_HAL_Driver/Src/stm32f1xx_hal_uart.c 0x00000000   Number         0  stm32f1xx_hal_uart.o ABSOLUTE
    ../clib/angel/boardlib.s                 0x00000000   Number         0  boardinit1.o ABSOLUTE
    ../clib/angel/boardlib.s                 0x00000000   Number         0  boardinit2.o ABSOLUTE
    ../clib/angel/boardlib.s                 0x00000000   Number         0  boardshut.o ABSOLUTE
    ../clib/angel/boardlib.s                 0x00000000   Number         0  boardinit3.o ABSOLUTE
    ../clib/angel/handlers.s                 0x00000000   Number         0  __scatter_zi.o ABSOLUTE
    ../clib/angel/handlers.s                 0x00000000   Number         0  __scatter_copy.o ABSOLUTE
    ../clib/angel/kernel.s                   0x00000000   Number         0  __rtentry.o ABSOLUTE
    ../clib/angel/kernel.s                   0x00000000   Number         0  rtexit2.o ABSOLUTE
    ../clib/angel/kernel.s                   0x00000000   Number         0  rtexit.o ABSOLUTE
    ../clib/angel/kernel.s                   0x00000000   Number         0  __rtentry4.o ABSOLUTE
    ../clib/angel/kernel.s                   0x00000000   Number         0  __rtentry2.o ABSOLUTE
    ../clib/angel/rt.s                       0x00000000   Number         0  aeabi_ldiv0_sigfpe.o ABSOLUTE
    ../clib/angel/rt.s                       0x00000000   Number         0  rt_raise.o ABSOLUTE
    ../clib/angel/rt.s                       0x00000000   Number         0  aeabi_ldiv0.o ABSOLUTE
    ../clib/angel/rt.s                       0x00000000   Number         0  rt_errno_addr_intlibspace.o ABSOLUTE
    ../clib/angel/rt.s                       0x00000000   Number         0  rt_errno_addr.o ABSOLUTE
    ../clib/angel/rt.s                       0x00000000   Number         0  rt_div0.o ABSOLUTE
    ../clib/angel/scatter.s                  0x00000000   Number         0  __scatter.o ABSOLUTE
    ../clib/angel/startup.s                  0x00000000   Number         0  __main.o ABSOLUTE
    ../clib/angel/sys.s                      0x00000000   Number         0  sys_stackheap_outer.o ABSOLUTE
    ../clib/angel/sys.s                      0x00000000   Number         0  indicate_semi.o ABSOLUTE
    ../clib/angel/sys.s                      0x00000000   Number         0  libspace.o ABSOLUTE
    ../clib/angel/sys.s                      0x00000000   Number         0  use_no_semi.o ABSOLUTE
    ../clib/angel/sysapp.c                   0x00000000   Number         0  sys_exit.o ABSOLUTE
    ../clib/angel/sysapp.c                   0x00000000   Number         0  sys_wrch.o ABSOLUTE
    ../clib/angel/sysapp.c                   0x00000000   Number         0  sys_command.o ABSOLUTE
    ../clib/armsys.c                         0x00000000   Number         0  _get_argv_nomalloc.o ABSOLUTE
    ../clib/armsys.c                         0x00000000   Number         0  no_argv.o ABSOLUTE
    ../clib/armsys.c                         0x00000000   Number         0  argv_veneer.o ABSOLUTE
    ../clib/armsys.c                         0x00000000   Number         0  argv_veneer.o ABSOLUTE
    ../clib/fenv.c                           0x00000000   Number         0  _rserrno.o ABSOLUTE
    ../clib/heapalloc.c                      0x00000000   Number         0  hrguard.o ABSOLUTE
    ../clib/heapaux.c                        0x00000000   Number         0  heapauxi.o ABSOLUTE
    ../clib/libinit.s                        0x00000000   Number         0  libshutdown.o ABSOLUTE
    ../clib/libinit.s                        0x00000000   Number         0  libinit2.o ABSOLUTE
    ../clib/libinit.s                        0x00000000   Number         0  libinit.o ABSOLUTE
    ../clib/libinit.s                        0x00000000   Number         0  libshutdown2.o ABSOLUTE
    ../clib/longlong.s                       0x00000000   Number         0  lludivv7m.o ABSOLUTE
    ../clib/longlong.s                       0x00000000   Number         0  llsdiv.o ABSOLUTE
    ../clib/longlong.s                       0x00000000   Number         0  llushr.o ABSOLUTE
    ../clib/memcpset.s                       0x00000000   Number         0  rt_memclr_w.o ABSOLUTE
    ../clib/memcpset.s                       0x00000000   Number         0  rt_memclr.o ABSOLUTE
    ../clib/memcpset.s                       0x00000000   Number         0  aeabi_memset.o ABSOLUTE
    ../clib/signal.c                         0x00000000   Number         0  defsig_rtmem_inner.o ABSOLUTE
    ../clib/signal.c                         0x00000000   Number         0  defsig_rtmem_outer.o ABSOLUTE
    ../clib/signal.c                         0x00000000   Number         0  defsig_fpe_inner.o ABSOLUTE
    ../clib/signal.c                         0x00000000   Number         0  __raise.o ABSOLUTE
    ../clib/signal.c                         0x00000000   Number         0  defsig_stak_inner.o ABSOLUTE
    ../clib/signal.c                         0x00000000   Number         0  defsig_fpe_formal.o ABSOLUTE
    ../clib/signal.c                         0x00000000   Number         0  defsig_abrt_inner.o ABSOLUTE
    ../clib/signal.c                         0x00000000   Number         0  defsig_fpe_outer.o ABSOLUTE
    ../clib/signal.c                         0x00000000   Number         0  defsig_general.o ABSOLUTE
    ../clib/signal.c                         0x00000000   Number         0  defsig_rtred_inner.o ABSOLUTE
    ../clib/signal.c                         0x00000000   Number         0  defsig_other.o ABSOLUTE
    ../clib/signal.c                         0x00000000   Number         0  defsig_segv_inner.o ABSOLUTE
    ../clib/signal.c                         0x00000000   Number         0  defsig_exit.o ABSOLUTE
    ../clib/signal.c                         0x00000000   Number         0  defsig_rtmem_formal.o ABSOLUTE
    ../clib/signal.c                         0x00000000   Number         0  defsig_cppl_inner.o ABSOLUTE
    ../clib/signal.c                         0x00000000   Number         0  defsig_pvfn_inner.o ABSOLUTE
    ../clib/signal.s                         0x00000000   Number         0  defsig.o ABSOLUTE
    ../clib/stdlib.c                         0x00000000   Number         0  exit.o ABSOLUTE
    ../clib/string.c                         0x00000000   Number         0  strlen.o ABSOLUTE
    ../fplib/d2f.s                           0x00000000   Number         0  d2f.o ABSOLUTE
    ../fplib/daddsub.s                       0x00000000   Number         0  daddsub_clz.o ABSOLUTE
    ../fplib/dcheck1.s                       0x00000000   Number         0  dcheck1.o ABSOLUTE
    ../fplib/dcmpi.s                         0x00000000   Number         0  dcmpi.o ABSOLUTE
    ../fplib/ddiv.s                          0x00000000   Number         0  ddiv.o ABSOLUTE
    ../fplib/dleqf.s                         0x00000000   Number         0  dleqf.o ABSOLUTE
    ../fplib/dmul.s                          0x00000000   Number         0  dmul.o ABSOLUTE
    ../fplib/dnaninf.s                       0x00000000   Number         0  dnaninf.o ABSOLUTE
    ../fplib/drem.s                          0x00000000   Number         0  drem_clz.o ABSOLUTE
    ../fplib/dretinf.s                       0x00000000   Number         0  dretinf.o ABSOLUTE
    ../fplib/drleqf.s                        0x00000000   Number         0  drleqf.o ABSOLUTE
    ../fplib/f2d.s                           0x00000000   Number         0  f2d.o ABSOLUTE
    ../fplib/faddsub.s                       0x00000000   Number         0  faddsub_clz.o ABSOLUTE
    ../fplib/fdiv.s                          0x00000000   Number         0  fdiv.o ABSOLUTE
    ../fplib/ffix.s                          0x00000000   Number         0  ffix.o ABSOLUTE
    ../fplib/fflt.s                          0x00000000   Number         0  fflt_clz.o ABSOLUTE
    ../fplib/fmul.s                          0x00000000   Number         0  fmul.o ABSOLUTE
    ../fplib/fnaninf.s                       0x00000000   Number         0  fnaninf.o ABSOLUTE
    ../fplib/fpinit.s                        0x00000000   Number         0  fpinit.o ABSOLUTE
    ../fplib/fretinf.s                       0x00000000   Number         0  fretinf.o ABSOLUTE
    ../fplib/retnan.s                        0x00000000   Number         0  retnan.o ABSOLUTE
    ../fplib/scalbn.s                        0x00000000   Number         0  scalbn.o ABSOLUTE
    ../fplib/trapv.s                         0x00000000   Number         0  trapv.o ABSOLUTE
    ../fplib/usenofp.s                       0x00000000   Number         0  usenofp.o ABSOLUTE
    ../mathlib/dunder.c                      0x00000000   Number         0  dunder.o ABSOLUTE
    ../mathlib/floor.c                       0x00000000   Number         0  floor.o ABSOLUTE
    ../mathlib/fmod.c                        0x00000000   Number         0  fmod.o ABSOLUTE
    ../mathlib/fmod.c                        0x00000000   Number         0  fmod_x.o ABSOLUTE
    ..\Core\Src\Keypad.c                     0x00000000   Number         0  keypad.o ABSOLUTE
    ..\Core\Src\fonts.c                      0x00000000   Number         0  fonts.o ABSOLUTE
    ..\Core\Src\hx711.c                      0x00000000   Number         0  hx711.o ABSOLUTE
    ..\Core\Src\main.c                       0x00000000   Number         0  main.o ABSOLUTE
    ..\Core\Src\ssd1306.c                    0x00000000   Number         0  ssd1306.o ABSOLUTE
    ..\Core\Src\stm32f1xx_hal_msp.c          0x00000000   Number         0  stm32f1xx_hal_msp.o ABSOLUTE
    ..\Core\Src\stm32f1xx_it.c               0x00000000   Number         0  stm32f1xx_it.o ABSOLUTE
    ..\Core\Src\system_stm32f1xx.c           0x00000000   Number         0  system_stm32f1xx.o ABSOLUTE
    ..\Drivers\STM32F1xx_HAL_Driver\Src\stm32f1xx_hal.c 0x00000000   Number         0  stm32f1xx_hal.o ABSOLUTE
    ..\Drivers\STM32F1xx_HAL_Driver\Src\stm32f1xx_hal_cortex.c 0x00000000   Number         0  stm32f1xx_hal_cortex.o ABSOLUTE
    ..\Drivers\STM32F1xx_HAL_Driver\Src\stm32f1xx_hal_dma.c 0x00000000   Number         0  stm32f1xx_hal_dma.o ABSOLUTE
    ..\Drivers\STM32F1xx_HAL_Driver\Src\stm32f1xx_hal_exti.c 0x00000000   Number         0  stm32f1xx_hal_exti.o ABSOLUTE
    ..\Drivers\STM32F1xx_HAL_Driver\Src\stm32f1xx_hal_flash.c 0x00000000   Number         0  stm32f1xx_hal_flash.o ABSOLUTE
    ..\Drivers\STM32F1xx_HAL_Driver\Src\stm32f1xx_hal_flash_ex.c 0x00000000   Number         0  stm32f1xx_hal_flash_ex.o ABSOLUTE
    ..\Drivers\STM32F1xx_HAL_Driver\Src\stm32f1xx_hal_gpio.c 0x00000000   Number         0  stm32f1xx_hal_gpio.o ABSOLUTE
    ..\Drivers\STM32F1xx_HAL_Driver\Src\stm32f1xx_hal_gpio_ex.c 0x00000000   Number         0  stm32f1xx_hal_gpio_ex.o ABSOLUTE
    ..\Drivers\STM32F1xx_HAL_Driver\Src\stm32f1xx_hal_i2c.c 0x00000000   Number         0  stm32f1xx_hal_i2c.o ABSOLUTE
    ..\Drivers\STM32F1xx_HAL_Driver\Src\stm32f1xx_hal_pwr.c 0x00000000   Number         0  stm32f1xx_hal_pwr.o ABSOLUTE
    ..\Drivers\STM32F1xx_HAL_Driver\Src\stm32f1xx_hal_rcc.c 0x00000000   Number         0  stm32f1xx_hal_rcc.o ABSOLUTE
    ..\Drivers\STM32F1xx_HAL_Driver\Src\stm32f1xx_hal_rcc_ex.c 0x00000000   Number         0  stm32f1xx_hal_rcc_ex.o ABSOLUTE
    ..\Drivers\STM32F1xx_HAL_Driver\Src\stm32f1xx_hal_tim.c 0x00000000   Number         0  stm32f1xx_hal_tim.o ABSOLUTE
    ..\Drivers\STM32F1xx_HAL_Driver\Src\stm32f1xx_hal_tim_ex.c 0x00000000   Number         0  stm32f1xx_hal_tim_ex.o ABSOLUTE
    ..\Drivers\STM32F1xx_HAL_Driver\Src\stm32f1xx_hal_uart.c 0x00000000   Number         0  stm32f1xx_hal_uart.o ABSOLUTE
    ..\\Core\\Src\\Keypad.c                  0x00000000   Number         0  keypad.o ABSOLUTE
    ..\\Core\\Src\\fonts.c                   0x00000000   Number         0  fonts.o ABSOLUTE
    ..\\Core\\Src\\hx711.c                   0x00000000   Number         0  hx711.o ABSOLUTE
    ..\\Core\\Src\\ssd1306.c                 0x00000000   Number         0  ssd1306.o ABSOLUTE
    dc.s                                     0x00000000   Number         0  dc.o ABSOLUTE
    startup_stm32f103xb.s                    0x00000000   Number         0  startup_stm32f103xb.o ABSOLUTE
    RESET                                    0x08000000   Section      236  startup_stm32f103xb.o(RESET)
    !!!main                                  0x080000ec   Section        8  __main.o(!!!main)
    !!!scatter                               0x080000f4   Section       52  __scatter.o(!!!scatter)
    !!handler_copy                           0x08000128   Section       26  __scatter_copy.o(!!handler_copy)
    !!handler_zi                             0x08000144   Section       28  __scatter_zi.o(!!handler_zi)
    .ARM.Collect$$libinit$$00000000          0x08000160   Section        2  libinit.o(.ARM.Collect$$libinit$$00000000)
    .ARM.Collect$$libinit$$00000002          0x08000162   Section        0  libinit2.o(.ARM.Collect$$libinit$$00000002)
    .ARM.Collect$$libinit$$00000004          0x08000162   Section        0  libinit2.o(.ARM.Collect$$libinit$$00000004)
    .ARM.Collect$$libinit$$0000000A          0x08000162   Section        0  libinit2.o(.ARM.Collect$$libinit$$0000000A)
    .ARM.Collect$$libinit$$0000000C          0x08000162   Section        0  libinit2.o(.ARM.Collect$$libinit$$0000000C)
    .ARM.Collect$$libinit$$0000000E          0x08000162   Section        0  libinit2.o(.ARM.Collect$$libinit$$0000000E)
    .ARM.Collect$$libinit$$00000011          0x08000162   Section        0  libinit2.o(.ARM.Collect$$libinit$$00000011)
    .ARM.Collect$$libinit$$00000013          0x08000162   Section        0  libinit2.o(.ARM.Collect$$libinit$$00000013)
    .ARM.Collect$$libinit$$00000015          0x08000162   Section        0  libinit2.o(.ARM.Collect$$libinit$$00000015)
    .ARM.Collect$$libinit$$00000017          0x08000162   Section        0  libinit2.o(.ARM.Collect$$libinit$$00000017)
    .ARM.Collect$$libinit$$00000019          0x08000162   Section        0  libinit2.o(.ARM.Collect$$libinit$$00000019)
    .ARM.Collect$$libinit$$0000001B          0x08000162   Section        0  libinit2.o(.ARM.Collect$$libinit$$0000001B)
    .ARM.Collect$$libinit$$0000001D          0x08000162   Section        0  libinit2.o(.ARM.Collect$$libinit$$0000001D)
    .ARM.Collect$$libinit$$0000001F          0x08000162   Section        0  libinit2.o(.ARM.Collect$$libinit$$0000001F)
    .ARM.Collect$$libinit$$00000021          0x08000162   Section        0  libinit2.o(.ARM.Collect$$libinit$$00000021)
    .ARM.Collect$$libinit$$00000023          0x08000162   Section        0  libinit2.o(.ARM.Collect$$libinit$$00000023)
    .ARM.Collect$$libinit$$00000025          0x08000162   Section        0  libinit2.o(.ARM.Collect$$libinit$$00000025)
    .ARM.Collect$$libinit$$0000002C          0x08000162   Section        0  libinit2.o(.ARM.Collect$$libinit$$0000002C)
    .ARM.Collect$$libinit$$0000002E          0x08000162   Section        0  libinit2.o(.ARM.Collect$$libinit$$0000002E)
    .ARM.Collect$$libinit$$00000030          0x08000162   Section        0  libinit2.o(.ARM.Collect$$libinit$$00000030)
    .ARM.Collect$$libinit$$00000032          0x08000162   Section        0  libinit2.o(.ARM.Collect$$libinit$$00000032)
    .ARM.Collect$$libinit$$00000033          0x08000162   Section        2  libinit2.o(.ARM.Collect$$libinit$$00000033)
    .ARM.Collect$$libshutdown$$00000000      0x08000164   Section        2  libshutdown.o(.ARM.Collect$$libshutdown$$00000000)
    .ARM.Collect$$libshutdown$$00000002      0x08000166   Section        0  libshutdown2.o(.ARM.Collect$$libshutdown$$00000002)
    .ARM.Collect$$libshutdown$$00000004      0x08000166   Section        0  libshutdown2.o(.ARM.Collect$$libshutdown$$00000004)
    .ARM.Collect$$libshutdown$$00000007      0x08000166   Section        0  libshutdown2.o(.ARM.Collect$$libshutdown$$00000007)
    .ARM.Collect$$libshutdown$$0000000A      0x08000166   Section        0  libshutdown2.o(.ARM.Collect$$libshutdown$$0000000A)
    .ARM.Collect$$libshutdown$$0000000C      0x08000166   Section        0  libshutdown2.o(.ARM.Collect$$libshutdown$$0000000C)
    .ARM.Collect$$libshutdown$$0000000F      0x08000166   Section        0  libshutdown2.o(.ARM.Collect$$libshutdown$$0000000F)
    .ARM.Collect$$libshutdown$$00000010      0x08000166   Section        2  libshutdown2.o(.ARM.Collect$$libshutdown$$00000010)
    .ARM.Collect$$rtentry$$00000000          0x08000168   Section        0  __rtentry.o(.ARM.Collect$$rtentry$$00000000)
    .ARM.Collect$$rtentry$$00000002          0x08000168   Section        0  __rtentry2.o(.ARM.Collect$$rtentry$$00000002)
    .ARM.Collect$$rtentry$$00000004          0x08000168   Section        6  __rtentry4.o(.ARM.Collect$$rtentry$$00000004)
    .ARM.Collect$$rtentry$$00000009          0x0800016e   Section        0  __rtentry2.o(.ARM.Collect$$rtentry$$00000009)
    .ARM.Collect$$rtentry$$0000000A          0x0800016e   Section        4  __rtentry2.o(.ARM.Collect$$rtentry$$0000000A)
    .ARM.Collect$$rtentry$$0000000C          0x08000172   Section        0  __rtentry2.o(.ARM.Collect$$rtentry$$0000000C)
    .ARM.Collect$$rtentry$$0000000D          0x08000172   Section        8  __rtentry2.o(.ARM.Collect$$rtentry$$0000000D)
    .ARM.Collect$$rtexit$$00000000           0x0800017a   Section        2  rtexit.o(.ARM.Collect$$rtexit$$00000000)
    .ARM.Collect$$rtexit$$00000002           0x0800017c   Section        0  rtexit2.o(.ARM.Collect$$rtexit$$00000002)
    .ARM.Collect$$rtexit$$00000003           0x0800017c   Section        4  rtexit2.o(.ARM.Collect$$rtexit$$00000003)
    .ARM.Collect$$rtexit$$00000004           0x08000180   Section        6  rtexit2.o(.ARM.Collect$$rtexit$$00000004)
    .text                                    0x08000188   Section       64  startup_stm32f103xb.o(.text)
    .text                                    0x080001c8   Section       72  llsdiv.o(.text)
    .text                                    0x08000210   Section       16  aeabi_memset.o(.text)
    .text                                    0x08000220   Section       78  rt_memclr_w.o(.text)
    .text                                    0x0800026e   Section        0  heapauxi.o(.text)
    .text                                    0x08000274   Section      238  lludivv7m.o(.text)
    .text                                    0x08000362   Section        0  _rserrno.o(.text)
    .text                                    0x08000378   Section       68  rt_memclr.o(.text)
    .text                                    0x080003bc   Section        8  rt_errno_addr_intlibspace.o(.text)
    .text                                    0x080003c4   Section        8  libspace.o(.text)
    .text                                    0x080003cc   Section       74  sys_stackheap_outer.o(.text)
    .text                                    0x08000416   Section        0  exit.o(.text)
    .text                                    0x08000428   Section        0  sys_exit.o(.text)
    .text                                    0x08000434   Section        2  use_no_semi.o(.text)
    .text                                    0x08000436   Section        0  indicate_semi.o(.text)
    i.BusFault_Handler                       0x08000436   Section        0  stm32f1xx_it.o(i.BusFault_Handler)
    i.DebugMon_Handler                       0x08000438   Section        0  stm32f1xx_it.o(i.DebugMon_Handler)
    i.HAL_Delay                              0x0800043c   Section        0  stm32f1xx_hal.o(i.HAL_Delay)
    i.HAL_GPIO_Init                          0x08000460   Section        0  stm32f1xx_hal_gpio.o(i.HAL_GPIO_Init)
    i.HAL_GPIO_ReadPin                       0x08000640   Section        0  stm32f1xx_hal_gpio.o(i.HAL_GPIO_ReadPin)
    i.HAL_GPIO_WritePin                      0x0800064a   Section        0  stm32f1xx_hal_gpio.o(i.HAL_GPIO_WritePin)
    i.HAL_GetTick                            0x08000654   Section        0  stm32f1xx_hal.o(i.HAL_GetTick)
    i.HAL_I2C_Init                           0x08000660   Section        0  stm32f1xx_hal_i2c.o(i.HAL_I2C_Init)
    i.HAL_I2C_IsDeviceReady                  0x080007e8   Section        0  stm32f1xx_hal_i2c.o(i.HAL_I2C_IsDeviceReady)
    i.HAL_I2C_Master_Transmit                0x08000954   Section        0  stm32f1xx_hal_i2c.o(i.HAL_I2C_Master_Transmit)
    i.HAL_I2C_MspInit                        0x08000a80   Section        0  stm32f1xx_hal_msp.o(i.HAL_I2C_MspInit)
    i.HAL_IncTick                            0x08000adc   Section        0  stm32f1xx_hal.o(i.HAL_IncTick)
    i.HAL_Init                               0x08000aec   Section        0  stm32f1xx_hal.o(i.HAL_Init)
    i.HAL_InitTick                           0x08000b10   Section        0  stm32f1xx_hal.o(i.HAL_InitTick)
    i.HAL_MspInit                            0x08000b50   Section        0  stm32f1xx_hal_msp.o(i.HAL_MspInit)
    i.HAL_NVIC_SetPriority                   0x08000b8c   Section        0  stm32f1xx_hal_cortex.o(i.HAL_NVIC_SetPriority)
    i.HAL_NVIC_SetPriorityGrouping           0x08000bcc   Section        0  stm32f1xx_hal_cortex.o(i.HAL_NVIC_SetPriorityGrouping)
    i.HAL_RCC_ClockConfig                    0x08000bf0   Section        0  stm32f1xx_hal_rcc.o(i.HAL_RCC_ClockConfig)
    i.HAL_RCC_GetPCLK1Freq                   0x08000d1c   Section        0  stm32f1xx_hal_rcc.o(i.HAL_RCC_GetPCLK1Freq)
    i.HAL_RCC_GetPCLK2Freq                   0x08000d3c   Section        0  stm32f1xx_hal_rcc.o(i.HAL_RCC_GetPCLK2Freq)
    i.HAL_RCC_GetSysClockFreq                0x08000d5c   Section        0  stm32f1xx_hal_rcc.o(i.HAL_RCC_GetSysClockFreq)
    i.HAL_RCC_OscConfig                      0x08000da8   Section        0  stm32f1xx_hal_rcc.o(i.HAL_RCC_OscConfig)
    i.HAL_SYSTICK_Config                     0x080010c8   Section        0  stm32f1xx_hal_cortex.o(i.HAL_SYSTICK_Config)
    i.HAL_TIMEx_MasterConfigSynchronization  0x080010f0   Section        0  stm32f1xx_hal_tim_ex.o(i.HAL_TIMEx_MasterConfigSynchronization)
    i.HAL_TIM_Base_Init                      0x08001158   Section        0  stm32f1xx_hal_tim.o(i.HAL_TIM_Base_Init)
    i.HAL_TIM_Base_MspInit                   0x080011b4   Section        0  stm32f1xx_hal_msp.o(i.HAL_TIM_Base_MspInit)
    i.HAL_TIM_Base_Start                     0x080011dc   Section        0  stm32f1xx_hal_tim.o(i.HAL_TIM_Base_Start)
    i.HAL_TIM_Base_Stop                      0x0800122c   Section        0  stm32f1xx_hal_tim.o(i.HAL_TIM_Base_Stop)
    i.HAL_TIM_ConfigClockSource              0x08001252   Section        0  stm32f1xx_hal_tim.o(i.HAL_TIM_ConfigClockSource)
    i.HAL_UART_Init                          0x0800132e   Section        0  stm32f1xx_hal_uart.o(i.HAL_UART_Init)
    i.HAL_UART_MspInit                       0x08001394   Section        0  stm32f1xx_hal_msp.o(i.HAL_UART_MspInit)
    i.HardFault_Handler                      0x08001404   Section        0  stm32f1xx_it.o(i.HardFault_Handler)
    i.I2C_IsAcknowledgeFailed                0x08001406   Section        0  stm32f1xx_hal_i2c.o(i.I2C_IsAcknowledgeFailed)
    I2C_IsAcknowledgeFailed                  0x08001407   Thumb Code    46  stm32f1xx_hal_i2c.o(i.I2C_IsAcknowledgeFailed)
    i.I2C_MasterRequestWrite                 0x08001434   Section        0  stm32f1xx_hal_i2c.o(i.I2C_MasterRequestWrite)
    I2C_MasterRequestWrite                   0x08001435   Thumb Code   150  stm32f1xx_hal_i2c.o(i.I2C_MasterRequestWrite)
    i.I2C_WaitOnBTFFlagUntilTimeout          0x080014d0   Section        0  stm32f1xx_hal_i2c.o(i.I2C_WaitOnBTFFlagUntilTimeout)
    I2C_WaitOnBTFFlagUntilTimeout            0x080014d1   Thumb Code    86  stm32f1xx_hal_i2c.o(i.I2C_WaitOnBTFFlagUntilTimeout)
    i.I2C_WaitOnFlagUntilTimeout             0x08001528   Section        0  stm32f1xx_hal_i2c.o(i.I2C_WaitOnFlagUntilTimeout)
    I2C_WaitOnFlagUntilTimeout               0x08001529   Thumb Code   144  stm32f1xx_hal_i2c.o(i.I2C_WaitOnFlagUntilTimeout)
    i.I2C_WaitOnMasterAddressFlagUntilTimeout 0x080015b8   Section        0  stm32f1xx_hal_i2c.o(i.I2C_WaitOnMasterAddressFlagUntilTimeout)
    I2C_WaitOnMasterAddressFlagUntilTimeout  0x080015b9   Thumb Code   188  stm32f1xx_hal_i2c.o(i.I2C_WaitOnMasterAddressFlagUntilTimeout)
    i.I2C_WaitOnTXEFlagUntilTimeout          0x08001674   Section        0  stm32f1xx_hal_i2c.o(i.I2C_WaitOnTXEFlagUntilTimeout)
    I2C_WaitOnTXEFlagUntilTimeout            0x08001675   Thumb Code    86  stm32f1xx_hal_i2c.o(i.I2C_WaitOnTXEFlagUntilTimeout)
    i.MX_GPIO_Init                           0x080016cc   Section        0  main.o(i.MX_GPIO_Init)
    MX_GPIO_Init                             0x080016cd   Thumb Code   164  main.o(i.MX_GPIO_Init)
    i.MX_TIM1_Init                           0x0800177c   Section        0  main.o(i.MX_TIM1_Init)
    MX_TIM1_Init                             0x0800177d   Thumb Code    94  main.o(i.MX_TIM1_Init)
    i.MemManage_Handler                      0x080017e4   Section        0  stm32f1xx_it.o(i.MemManage_Handler)
    i.NMI_Handler                            0x080017e6   Section        0  stm32f1xx_it.o(i.NMI_Handler)
    i.PendSV_Handler                         0x080017e8   Section        0  stm32f1xx_it.o(i.PendSV_Handler)
    i.SSD1306_Display_Hx                     0x080017ea   Section        0  ssd1306.o(i.SSD1306_Display_Hx)
    i.SSD1306_Display_Price                  0x08001808   Section        0  ssd1306.o(i.SSD1306_Display_Price)
    i.SSD1306_Display_Unit                   0x08001832   Section        0  ssd1306.o(i.SSD1306_Display_Unit)
    i.SSD1306_DrawPixel                      0x08001850   Section        0  ssd1306.o(i.SSD1306_DrawPixel)
    i.SSD1306_Fill                           0x08001890   Section        0  ssd1306.o(i.SSD1306_Fill)
    i.SSD1306_GotoXY                         0x080018a8   Section        0  ssd1306.o(i.SSD1306_GotoXY)
    i.SSD1306_Init                           0x080018b4   Section        0  ssd1306.o(i.SSD1306_Init)
    i.SSD1306_Putc                           0x08001a1c   Section        0  ssd1306.o(i.SSD1306_Putc)
    i.SSD1306_Puts                           0x08001abc   Section        0  ssd1306.o(i.SSD1306_Puts)
    i.SSD1306_UpdateScreen                   0x08001ae4   Section        0  ssd1306.o(i.SSD1306_UpdateScreen)
    i.SVC_Handler                            0x08001b2c   Section        0  stm32f1xx_it.o(i.SVC_Handler)
    i.SysTick_Handler                        0x08001b2e   Section        0  stm32f1xx_it.o(i.SysTick_Handler)
    i.SystemClock_Config                     0x08001b32   Section        0  main.o(i.SystemClock_Config)
    i.SystemInit                             0x08001b90   Section        0  system_stm32f1xx.o(i.SystemInit)
    i.TIM_Base_SetConfig                     0x08001b94   Section        0  stm32f1xx_hal_tim.o(i.TIM_Base_SetConfig)
    i.TIM_ETR_SetConfig                      0x08001c0c   Section        0  stm32f1xx_hal_tim.o(i.TIM_ETR_SetConfig)
    i.TIM_ITRx_SetConfig                     0x08001c20   Section        0  stm32f1xx_hal_tim.o(i.TIM_ITRx_SetConfig)
    TIM_ITRx_SetConfig                       0x08001c21   Thumb Code    16  stm32f1xx_hal_tim.o(i.TIM_ITRx_SetConfig)
    i.TIM_TI1_ConfigInputStage               0x08001c30   Section        0  stm32f1xx_hal_tim.o(i.TIM_TI1_ConfigInputStage)
    TIM_TI1_ConfigInputStage                 0x08001c31   Thumb Code    34  stm32f1xx_hal_tim.o(i.TIM_TI1_ConfigInputStage)
    i.TIM_TI2_ConfigInputStage               0x08001c52   Section        0  stm32f1xx_hal_tim.o(i.TIM_TI2_ConfigInputStage)
    TIM_TI2_ConfigInputStage                 0x08001c53   Thumb Code    36  stm32f1xx_hal_tim.o(i.TIM_TI2_ConfigInputStage)
    i.UART_SetConfig                         0x08001c78   Section        0  stm32f1xx_hal_uart.o(i.UART_SetConfig)
    UART_SetConfig                           0x08001c79   Thumb Code   178  stm32f1xx_hal_uart.o(i.UART_SetConfig)
    i.UsageFault_Handler                     0x08001d30   Section        0  stm32f1xx_it.o(i.UsageFault_Handler)
    i.__NVIC_SetPriority                     0x08001d32   Section        0  stm32f1xx_hal_cortex.o(i.__NVIC_SetPriority)
    __NVIC_SetPriority                       0x08001d33   Thumb Code    32  stm32f1xx_hal_cortex.o(i.__NVIC_SetPriority)
    i.__mathlib_dbl_invalid                  0x08001d52   Section        0  dunder.o(i.__mathlib_dbl_invalid)
    i.float_to_string                        0x08001d60   Section        0  ssd1306.o(i.float_to_string)
    i.floor                                  0x08001dfc   Section        0  floor.o(i.floor)
    i.fmod                                   0x08001ed8   Section        0  fmod.o(i.fmod)
    i.get_keypad                             0x08001f6c   Section        0  keypad.o(i.get_keypad)
    i.hx711_coef_set                         0x080020b8   Section        0  hx711.o(i.hx711_coef_set)
    i.hx711_delay_us                         0x080020bc   Section        0  hx711.o(i.hx711_delay_us)
    i.hx711_init                             0x080020f8   Section        0  hx711.o(i.hx711_init)
    i.hx711_lock                             0x08002170   Section        0  hx711.o(i.hx711_lock)
    i.hx711_tare                             0x0800218a   Section        0  hx711.o(i.hx711_tare)
    i.hx711_value                            0x080021d4   Section        0  hx711.o(i.hx711_value)
    i.hx711_weight                           0x08002264   Section        0  hx711.o(i.hx711_weight)
    i.main                                   0x080022c0   Section        0  main.o(i.main)
    i.read_keypad                            0x08002470   Section        0  keypad.o(i.read_keypad)
    i.ssd1306_I2C_Init                       0x080026fc   Section        0  ssd1306.o(i.ssd1306_I2C_Init)
    i.ssd1306_I2C_Write                      0x08002708   Section        0  ssd1306.o(i.ssd1306_I2C_Write)
    i.ssd1306_I2C_WriteMulti                 0x08002728   Section        0  ssd1306.o(i.ssd1306_I2C_WriteMulti)
    x$fpl$d2f                                0x08002760   Section       98  d2f.o(x$fpl$d2f)
    x$fpl$dadd                               0x080027c4   Section      336  daddsub_clz.o(x$fpl$dadd)
    _dadd1                                   0x080027d5   Thumb Code     0  daddsub_clz.o(x$fpl$dadd)
    x$fpl$dcmpinf                            0x08002914   Section       24  dcmpi.o(x$fpl$dcmpinf)
    x$fpl$ddiv                               0x0800292c   Section      688  ddiv.o(x$fpl$ddiv)
    ddiv_entry                               0x08002933   Thumb Code     0  ddiv.o(x$fpl$ddiv)
    x$fpl$dleqf                              0x08002bdc   Section      120  dleqf.o(x$fpl$dleqf)
    x$fpl$dmul                               0x08002c54   Section      340  dmul.o(x$fpl$dmul)
    x$fpl$dnaninf                            0x08002da8   Section      156  dnaninf.o(x$fpl$dnaninf)
    x$fpl$drem                               0x08002e44   Section      336  drem_clz.o(x$fpl$drem)
    x$fpl$dretinf                            0x08002f94   Section       12  dretinf.o(x$fpl$dretinf)
    x$fpl$drleqf                             0x08002fa0   Section      108  drleqf.o(x$fpl$drleqf)
    x$fpl$drsb                               0x0800300c   Section       22  daddsub_clz.o(x$fpl$drsb)
    x$fpl$dsub                               0x08003024   Section      468  daddsub_clz.o(x$fpl$dsub)
    _dsub1                                   0x08003035   Thumb Code     0  daddsub_clz.o(x$fpl$dsub)
    x$fpl$f2d                                0x080031f8   Section       86  f2d.o(x$fpl$f2d)
    x$fpl$fadd                               0x08003250   Section      196  faddsub_clz.o(x$fpl$fadd)
    _fadd1                                   0x0800325f   Thumb Code     0  faddsub_clz.o(x$fpl$fadd)
    x$fpl$fdiv                               0x08003314   Section      388  fdiv.o(x$fpl$fdiv)
    _fdiv1                                   0x08003315   Thumb Code     0  fdiv.o(x$fpl$fdiv)
    x$fpl$ffix                               0x08003498   Section       54  ffix.o(x$fpl$ffix)
    x$fpl$fflt                               0x080034d0   Section       48  fflt_clz.o(x$fpl$fflt)
    x$fpl$fmul                               0x08003500   Section      258  fmul.o(x$fpl$fmul)
    x$fpl$fnaninf                            0x08003602   Section      140  fnaninf.o(x$fpl$fnaninf)
    x$fpl$fretinf                            0x0800368e   Section       10  fretinf.o(x$fpl$fretinf)
    x$fpl$frsb                               0x08003698   Section       20  faddsub_clz.o(x$fpl$frsb)
    x$fpl$fsub                               0x080036ac   Section      234  faddsub_clz.o(x$fpl$fsub)
    _fsub1                                   0x080036bb   Thumb Code     0  faddsub_clz.o(x$fpl$fsub)
    .constdata                               0x08003796   Section     3420  fonts.o(.constdata)
    x$fpl$usenofp                            0x08003796   Section        0  usenofp.o(x$fpl$usenofp)
    .constdata                               0x080044f2   Section       18  stm32f1xx_hal_rcc.o(.constdata)
    aPredivFactorTable                       0x080044f2   Data           2  stm32f1xx_hal_rcc.o(.constdata)
    aPLLMULFactorTable                       0x080044f4   Data          16  stm32f1xx_hal_rcc.o(.constdata)
    .constdata                               0x08004504   Section       16  system_stm32f1xx.o(.constdata)
    .constdata                               0x08004514   Section        8  system_stm32f1xx.o(.constdata)
    .data                                    0x20000000   Section        8  fonts.o(.data)
    .data                                    0x20000008   Section       16  keypad.o(.data)
    decimal_place                            0x20000008   Data           4  keypad.o(.data)
    flag_decimal                             0x2000000c   Data           4  keypad.o(.data)
    flag_add                                 0x20000010   Data           4  keypad.o(.data)
    previous_result                          0x20000014   Data           4  keypad.o(.data)
    .data                                    0x20000018   Section        6  ssd1306.o(.data)
    SSD1306                                  0x20000018   Data           6  ssd1306.o(.data)
    .data                                    0x20000020   Section       20  main.o(.data)
    .data                                    0x20000034   Section       12  stm32f1xx_hal.o(.data)
    .data                                    0x20000040   Section        4  system_stm32f1xx.o(.data)
    .bss                                     0x20000044   Section     1024  ssd1306.o(.bss)
    SSD1306_Buffer                           0x20000044   Data        1024  ssd1306.o(.bss)
    .bss                                     0x20000444   Section      252  main.o(.bss)
    .bss                                     0x20000540   Section       96  libspace.o(.bss)
    HEAP                                     0x200005a0   Section      512  startup_stm32f103xb.o(HEAP)
    Heap_Mem                                 0x200005a0   Data         512  startup_stm32f103xb.o(HEAP)
    STACK                                    0x200007a0   Section     1024  startup_stm32f103xb.o(STACK)
    Stack_Mem                                0x200007a0   Data        1024  startup_stm32f103xb.o(STACK)
    __initial_sp                             0x20000ba0   Data           0  startup_stm32f103xb.o(STACK)

    Global Symbols

    Symbol Name                              Value     Ov Type        Size  Object(Section)

    BuildAttributes$$THM_ISAv4$P$D$K$B$S$PE$A:L22UL41UL21$X:L11$S22US41US21$IEEE1$IW$USESV6$~STKCKD$USESV7$~SHL$OTIME$ROPI$IEEEX$EBA8$UX$STANDARDLIB$REQ8$PRES8$EABIv2 0x00000000   Number         0  anon$$obj.o ABSOLUTE
    __ARM_use_no_argv                        0x00000000   Number         0  main.o ABSOLUTE
    __ARM_exceptions_init                     - Undefined Weak Reference
    __alloca_initialize                       - Undefined Weak Reference
    __arm_preinit_                            - Undefined Weak Reference
    __cpp_initialize__aeabi_                  - Undefined Weak Reference
    __cxa_finalize                            - Undefined Weak Reference
    __rt_locale                               - Undefined Weak Reference
    __sigvec_lookup                           - Undefined Weak Reference
    _atexit_init                              - Undefined Weak Reference
    _call_atexit_fns                          - Undefined Weak Reference
    _clock_init                               - Undefined Weak Reference
    _fp_trap_init                             - Undefined Weak Reference
    _fp_trap_shutdown                         - Undefined Weak Reference
    _get_lc_collate                           - Undefined Weak Reference
    _get_lc_ctype                             - Undefined Weak Reference
    _get_lc_monetary                          - Undefined Weak Reference
    _get_lc_numeric                           - Undefined Weak Reference
    _get_lc_time                              - Undefined Weak Reference
    _getenv_init                              - Undefined Weak Reference
    _handle_redirection                       - Undefined Weak Reference
    _init_alloc                               - Undefined Weak Reference
    _init_user_alloc                          - Undefined Weak Reference
    _initio                                   - Undefined Weak Reference
    _rand_init                                - Undefined Weak Reference
    _signal_finish                            - Undefined Weak Reference
    _signal_init                              - Undefined Weak Reference
    _terminate_alloc                          - Undefined Weak Reference
    _terminate_user_alloc                     - Undefined Weak Reference
    _terminateio                              - Undefined Weak Reference
    __Vectors_Size                           0x000000ec   Number         0  startup_stm32f103xb.o ABSOLUTE
    __Vectors                                0x08000000   Data           4  startup_stm32f103xb.o(RESET)
    __Vectors_End                            0x080000ec   Data           0  startup_stm32f103xb.o(RESET)
    __main                                   0x080000ed   Thumb Code     8  __main.o(!!!main)
    __scatterload                            0x080000f5   Thumb Code     0  __scatter.o(!!!scatter)
    __scatterload_rt2                        0x080000f5   Thumb Code    44  __scatter.o(!!!scatter)
    __scatterload_rt2_thumb_only             0x080000f5   Thumb Code     0  __scatter.o(!!!scatter)
    __scatterload_null                       0x08000103   Thumb Code     0  __scatter.o(!!!scatter)
    __scatterload_copy                       0x08000129   Thumb Code    26  __scatter_copy.o(!!handler_copy)
    __scatterload_zeroinit                   0x08000145   Thumb Code    28  __scatter_zi.o(!!handler_zi)
    __rt_lib_init                            0x08000161   Thumb Code     0  libinit.o(.ARM.Collect$$libinit$$00000000)
    __rt_lib_init_alloca_1                   0x08000163   Thumb Code     0  libinit2.o(.ARM.Collect$$libinit$$0000002E)
    __rt_lib_init_argv_1                     0x08000163   Thumb Code     0  libinit2.o(.ARM.Collect$$libinit$$0000002C)
    __rt_lib_init_atexit_1                   0x08000163   Thumb Code     0  libinit2.o(.ARM.Collect$$libinit$$0000001B)
    __rt_lib_init_clock_1                    0x08000163   Thumb Code     0  libinit2.o(.ARM.Collect$$libinit$$00000021)
    __rt_lib_init_cpp_1                      0x08000163   Thumb Code     0  libinit2.o(.ARM.Collect$$libinit$$00000032)
    __rt_lib_init_exceptions_1               0x08000163   Thumb Code     0  libinit2.o(.ARM.Collect$$libinit$$00000030)
    __rt_lib_init_fp_1                       0x08000163   Thumb Code     0  libinit2.o(.ARM.Collect$$libinit$$00000002)
    __rt_lib_init_fp_trap_1                  0x08000163   Thumb Code     0  libinit2.o(.ARM.Collect$$libinit$$0000001F)
    __rt_lib_init_getenv_1                   0x08000163   Thumb Code     0  libinit2.o(.ARM.Collect$$libinit$$00000023)
    __rt_lib_init_heap_1                     0x08000163   Thumb Code     0  libinit2.o(.ARM.Collect$$libinit$$0000000A)
    __rt_lib_init_lc_collate_1               0x08000163   Thumb Code     0  libinit2.o(.ARM.Collect$$libinit$$00000011)
    __rt_lib_init_lc_ctype_1                 0x08000163   Thumb Code     0  libinit2.o(.ARM.Collect$$libinit$$00000013)
    __rt_lib_init_lc_monetary_1              0x08000163   Thumb Code     0  libinit2.o(.ARM.Collect$$libinit$$00000015)
    __rt_lib_init_lc_numeric_1               0x08000163   Thumb Code     0  libinit2.o(.ARM.Collect$$libinit$$00000017)
    __rt_lib_init_lc_time_1                  0x08000163   Thumb Code     0  libinit2.o(.ARM.Collect$$libinit$$00000019)
    __rt_lib_init_preinit_1                  0x08000163   Thumb Code     0  libinit2.o(.ARM.Collect$$libinit$$00000004)
    __rt_lib_init_rand_1                     0x08000163   Thumb Code     0  libinit2.o(.ARM.Collect$$libinit$$0000000E)
    __rt_lib_init_return                     0x08000163   Thumb Code     0  libinit2.o(.ARM.Collect$$libinit$$00000033)
    __rt_lib_init_signal_1                   0x08000163   Thumb Code     0  libinit2.o(.ARM.Collect$$libinit$$0000001D)
    __rt_lib_init_stdio_1                    0x08000163   Thumb Code     0  libinit2.o(.ARM.Collect$$libinit$$00000025)
    __rt_lib_init_user_alloc_1               0x08000163   Thumb Code     0  libinit2.o(.ARM.Collect$$libinit$$0000000C)
    __rt_lib_shutdown                        0x08000165   Thumb Code     0  libshutdown.o(.ARM.Collect$$libshutdown$$00000000)
    __rt_lib_shutdown_cpp_1                  0x08000167   Thumb Code     0  libshutdown2.o(.ARM.Collect$$libshutdown$$00000002)
    __rt_lib_shutdown_fp_trap_1              0x08000167   Thumb Code     0  libshutdown2.o(.ARM.Collect$$libshutdown$$00000007)
    __rt_lib_shutdown_heap_1                 0x08000167   Thumb Code     0  libshutdown2.o(.ARM.Collect$$libshutdown$$0000000F)
    __rt_lib_shutdown_return                 0x08000167   Thumb Code     0  libshutdown2.o(.ARM.Collect$$libshutdown$$00000010)
    __rt_lib_shutdown_signal_1               0x08000167   Thumb Code     0  libshutdown2.o(.ARM.Collect$$libshutdown$$0000000A)
    __rt_lib_shutdown_stdio_1                0x08000167   Thumb Code     0  libshutdown2.o(.ARM.Collect$$libshutdown$$00000004)
    __rt_lib_shutdown_user_alloc_1           0x08000167   Thumb Code     0  libshutdown2.o(.ARM.Collect$$libshutdown$$0000000C)
    __rt_entry                               0x08000169   Thumb Code     0  __rtentry.o(.ARM.Collect$$rtentry$$00000000)
    __rt_entry_presh_1                       0x08000169   Thumb Code     0  __rtentry2.o(.ARM.Collect$$rtentry$$00000002)
    __rt_entry_sh                            0x08000169   Thumb Code     0  __rtentry4.o(.ARM.Collect$$rtentry$$00000004)
    __rt_entry_li                            0x0800016f   Thumb Code     0  __rtentry2.o(.ARM.Collect$$rtentry$$0000000A)
    __rt_entry_postsh_1                      0x0800016f   Thumb Code     0  __rtentry2.o(.ARM.Collect$$rtentry$$00000009)
    __rt_entry_main                          0x08000173   Thumb Code     0  __rtentry2.o(.ARM.Collect$$rtentry$$0000000D)
    __rt_entry_postli_1                      0x08000173   Thumb Code     0  __rtentry2.o(.ARM.Collect$$rtentry$$0000000C)
    __rt_exit                                0x0800017b   Thumb Code     0  rtexit.o(.ARM.Collect$$rtexit$$00000000)
    __rt_exit_ls                             0x0800017d   Thumb Code     0  rtexit2.o(.ARM.Collect$$rtexit$$00000003)
    __rt_exit_prels_1                        0x0800017d   Thumb Code     0  rtexit2.o(.ARM.Collect$$rtexit$$00000002)
    __rt_exit_exit                           0x08000181   Thumb Code     0  rtexit2.o(.ARM.Collect$$rtexit$$00000004)
    Reset_Handler                            0x08000189   Thumb Code     8  startup_stm32f103xb.o(.text)
    ADC1_2_IRQHandler                        0x080001a3   Thumb Code     0  startup_stm32f103xb.o(.text)
    CAN1_RX1_IRQHandler                      0x080001a3   Thumb Code     0  startup_stm32f103xb.o(.text)
    CAN1_SCE_IRQHandler                      0x080001a3   Thumb Code     0  startup_stm32f103xb.o(.text)
    DMA1_Channel1_IRQHandler                 0x080001a3   Thumb Code     0  startup_stm32f103xb.o(.text)
    DMA1_Channel2_IRQHandler                 0x080001a3   Thumb Code     0  startup_stm32f103xb.o(.text)
    DMA1_Channel3_IRQHandler                 0x080001a3   Thumb Code     0  startup_stm32f103xb.o(.text)
    DMA1_Channel4_IRQHandler                 0x080001a3   Thumb Code     0  startup_stm32f103xb.o(.text)
    DMA1_Channel5_IRQHandler                 0x080001a3   Thumb Code     0  startup_stm32f103xb.o(.text)
    DMA1_Channel6_IRQHandler                 0x080001a3   Thumb Code     0  startup_stm32f103xb.o(.text)
    DMA1_Channel7_IRQHandler                 0x080001a3   Thumb Code     0  startup_stm32f103xb.o(.text)
    EXTI0_IRQHandler                         0x080001a3   Thumb Code     0  startup_stm32f103xb.o(.text)
    EXTI15_10_IRQHandler                     0x080001a3   Thumb Code     0  startup_stm32f103xb.o(.text)
    EXTI1_IRQHandler                         0x080001a3   Thumb Code     0  startup_stm32f103xb.o(.text)
    EXTI2_IRQHandler                         0x080001a3   Thumb Code     0  startup_stm32f103xb.o(.text)
    EXTI3_IRQHandler                         0x080001a3   Thumb Code     0  startup_stm32f103xb.o(.text)
    EXTI4_IRQHandler                         0x080001a3   Thumb Code     0  startup_stm32f103xb.o(.text)
    EXTI9_5_IRQHandler                       0x080001a3   Thumb Code     0  startup_stm32f103xb.o(.text)
    FLASH_IRQHandler                         0x080001a3   Thumb Code     0  startup_stm32f103xb.o(.text)
    I2C1_ER_IRQHandler                       0x080001a3   Thumb Code     0  startup_stm32f103xb.o(.text)
    I2C1_EV_IRQHandler                       0x080001a3   Thumb Code     0  startup_stm32f103xb.o(.text)
    I2C2_ER_IRQHandler                       0x080001a3   Thumb Code     0  startup_stm32f103xb.o(.text)
    I2C2_EV_IRQHandler                       0x080001a3   Thumb Code     0  startup_stm32f103xb.o(.text)
    PVD_IRQHandler                           0x080001a3   Thumb Code     0  startup_stm32f103xb.o(.text)
    RCC_IRQHandler                           0x080001a3   Thumb Code     0  startup_stm32f103xb.o(.text)
    RTC_Alarm_IRQHandler                     0x080001a3   Thumb Code     0  startup_stm32f103xb.o(.text)
    RTC_IRQHandler                           0x080001a3   Thumb Code     0  startup_stm32f103xb.o(.text)
    SPI1_IRQHandler                          0x080001a3   Thumb Code     0  startup_stm32f103xb.o(.text)
    SPI2_IRQHandler                          0x080001a3   Thumb Code     0  startup_stm32f103xb.o(.text)
    TAMPER_IRQHandler                        0x080001a3   Thumb Code     0  startup_stm32f103xb.o(.text)
    TIM1_BRK_IRQHandler                      0x080001a3   Thumb Code     0  startup_stm32f103xb.o(.text)
    TIM1_CC_IRQHandler                       0x080001a3   Thumb Code     0  startup_stm32f103xb.o(.text)
    TIM1_TRG_COM_IRQHandler                  0x080001a3   Thumb Code     0  startup_stm32f103xb.o(.text)
    TIM1_UP_IRQHandler                       0x080001a3   Thumb Code     0  startup_stm32f103xb.o(.text)
    TIM2_IRQHandler                          0x080001a3   Thumb Code     0  startup_stm32f103xb.o(.text)
    TIM3_IRQHandler                          0x080001a3   Thumb Code     0  startup_stm32f103xb.o(.text)
    TIM4_IRQHandler                          0x080001a3   Thumb Code     0  startup_stm32f103xb.o(.text)
    USART1_IRQHandler                        0x080001a3   Thumb Code     0  startup_stm32f103xb.o(.text)
    USART2_IRQHandler                        0x080001a3   Thumb Code     0  startup_stm32f103xb.o(.text)
    USART3_IRQHandler                        0x080001a3   Thumb Code     0  startup_stm32f103xb.o(.text)
    USBWakeUp_IRQHandler                     0x080001a3   Thumb Code     0  startup_stm32f103xb.o(.text)
    USB_HP_CAN1_TX_IRQHandler                0x080001a3   Thumb Code     0  startup_stm32f103xb.o(.text)
    USB_LP_CAN1_RX0_IRQHandler               0x080001a3   Thumb Code     0  startup_stm32f103xb.o(.text)
    WWDG_IRQHandler                          0x080001a3   Thumb Code     0  startup_stm32f103xb.o(.text)
    __user_initial_stackheap                 0x080001a5   Thumb Code     0  startup_stm32f103xb.o(.text)
    __aeabi_ldivmod                          0x080001c9   Thumb Code     0  llsdiv.o(.text)
    _ll_sdiv                                 0x080001c9   Thumb Code    72  llsdiv.o(.text)
    __aeabi_memset                           0x08000211   Thumb Code    16  aeabi_memset.o(.text)
    __aeabi_memclr4                          0x08000221   Thumb Code     0  rt_memclr_w.o(.text)
    __aeabi_memclr8                          0x08000221   Thumb Code     0  rt_memclr_w.o(.text)
    __rt_memclr_w                            0x08000221   Thumb Code    78  rt_memclr_w.o(.text)
    _memset_w                                0x08000225   Thumb Code     0  rt_memclr_w.o(.text)
    __use_two_region_memory                  0x0800026f   Thumb Code     2  heapauxi.o(.text)
    __rt_heap_escrow$2region                 0x08000271   Thumb Code     2  heapauxi.o(.text)
    __rt_heap_expand$2region                 0x08000273   Thumb Code     2  heapauxi.o(.text)
    __aeabi_uldivmod                         0x08000275   Thumb Code     0  lludivv7m.o(.text)
    _ll_udiv                                 0x08000275   Thumb Code   238  lludivv7m.o(.text)
    __read_errno                             0x08000363   Thumb Code    10  _rserrno.o(.text)
    __set_errno                              0x0800036d   Thumb Code    12  _rserrno.o(.text)
    __aeabi_memclr                           0x08000379   Thumb Code     0  rt_memclr.o(.text)
    __rt_memclr                              0x08000379   Thumb Code    68  rt_memclr.o(.text)
    _memset                                  0x0800037d   Thumb Code     0  rt_memclr.o(.text)
    __aeabi_errno_addr                       0x080003bd   Thumb Code     8  rt_errno_addr_intlibspace.o(.text)
    __errno$intlibspace                      0x080003bd   Thumb Code     0  rt_errno_addr_intlibspace.o(.text)
    __rt_errno_addr$intlibspace              0x080003bd   Thumb Code     0  rt_errno_addr_intlibspace.o(.text)
    __user_libspace                          0x080003c5   Thumb Code     8  libspace.o(.text)
    __user_perproc_libspace                  0x080003c5   Thumb Code     0  libspace.o(.text)
    __user_perthread_libspace                0x080003c5   Thumb Code     0  libspace.o(.text)
    __user_setup_stackheap                   0x080003cd   Thumb Code    74  sys_stackheap_outer.o(.text)
    exit                                     0x08000417   Thumb Code    18  exit.o(.text)
    _sys_exit                                0x08000429   Thumb Code     8  sys_exit.o(.text)
    __I$use$semihosting                      0x08000435   Thumb Code     0  use_no_semi.o(.text)
    __use_no_semihosting_swi                 0x08000435   Thumb Code     2  use_no_semi.o(.text)
    BusFault_Handler                         0x08000437   Thumb Code     2  stm32f1xx_it.o(i.BusFault_Handler)
    __semihosting_library_function           0x08000437   Thumb Code     0  indicate_semi.o(.text)
    DebugMon_Handler                         0x08000439   Thumb Code     2  stm32f1xx_it.o(i.DebugMon_Handler)
    HAL_Delay                                0x0800043d   Thumb Code    32  stm32f1xx_hal.o(i.HAL_Delay)
    HAL_GPIO_Init                            0x08000461   Thumb Code   446  stm32f1xx_hal_gpio.o(i.HAL_GPIO_Init)
    HAL_GPIO_ReadPin                         0x08000641   Thumb Code    10  stm32f1xx_hal_gpio.o(i.HAL_GPIO_ReadPin)
    HAL_GPIO_WritePin                        0x0800064b   Thumb Code    10  stm32f1xx_hal_gpio.o(i.HAL_GPIO_WritePin)
    HAL_GetTick                              0x08000655   Thumb Code     6  stm32f1xx_hal.o(i.HAL_GetTick)
    HAL_I2C_Init                             0x08000661   Thumb Code   376  stm32f1xx_hal_i2c.o(i.HAL_I2C_Init)
    HAL_I2C_IsDeviceReady                    0x080007e9   Thumb Code   354  stm32f1xx_hal_i2c.o(i.HAL_I2C_IsDeviceReady)
    HAL_I2C_Master_Transmit                  0x08000955   Thumb Code   290  stm32f1xx_hal_i2c.o(i.HAL_I2C_Master_Transmit)
    HAL_I2C_MspInit                          0x08000a81   Thumb Code    80  stm32f1xx_hal_msp.o(i.HAL_I2C_MspInit)
    HAL_IncTick                              0x08000add   Thumb Code    12  stm32f1xx_hal.o(i.HAL_IncTick)
    HAL_Init                                 0x08000aed   Thumb Code    32  stm32f1xx_hal.o(i.HAL_Init)
    HAL_InitTick                             0x08000b11   Thumb Code    54  stm32f1xx_hal.o(i.HAL_InitTick)
    HAL_MspInit                              0x08000b51   Thumb Code    52  stm32f1xx_hal_msp.o(i.HAL_MspInit)
    HAL_NVIC_SetPriority                     0x08000b8d   Thumb Code    60  stm32f1xx_hal_cortex.o(i.HAL_NVIC_SetPriority)
    HAL_NVIC_SetPriorityGrouping             0x08000bcd   Thumb Code    26  stm32f1xx_hal_cortex.o(i.HAL_NVIC_SetPriorityGrouping)
    HAL_RCC_ClockConfig                      0x08000bf1   Thumb Code   280  stm32f1xx_hal_rcc.o(i.HAL_RCC_ClockConfig)
    HAL_RCC_GetPCLK1Freq                     0x08000d1d   Thumb Code    20  stm32f1xx_hal_rcc.o(i.HAL_RCC_GetPCLK1Freq)
    HAL_RCC_GetPCLK2Freq                     0x08000d3d   Thumb Code    20  stm32f1xx_hal_rcc.o(i.HAL_RCC_GetPCLK2Freq)
    HAL_RCC_GetSysClockFreq                  0x08000d5d   Thumb Code    58  stm32f1xx_hal_rcc.o(i.HAL_RCC_GetSysClockFreq)
    HAL_RCC_OscConfig                        0x08000da9   Thumb Code   778  stm32f1xx_hal_rcc.o(i.HAL_RCC_OscConfig)
    HAL_SYSTICK_Config                       0x080010c9   Thumb Code    40  stm32f1xx_hal_cortex.o(i.HAL_SYSTICK_Config)
    HAL_TIMEx_MasterConfigSynchronization    0x080010f1   Thumb Code    92  stm32f1xx_hal_tim_ex.o(i.HAL_TIMEx_MasterConfigSynchronization)
    HAL_TIM_Base_Init                        0x08001159   Thumb Code    90  stm32f1xx_hal_tim.o(i.HAL_TIM_Base_Init)
    HAL_TIM_Base_MspInit                     0x080011b5   Thumb Code    30  stm32f1xx_hal_msp.o(i.HAL_TIM_Base_MspInit)
    HAL_TIM_Base_Start                       0x080011dd   Thumb Code    66  stm32f1xx_hal_tim.o(i.HAL_TIM_Base_Start)
    HAL_TIM_Base_Stop                        0x0800122d   Thumb Code    38  stm32f1xx_hal_tim.o(i.HAL_TIM_Base_Stop)
    HAL_TIM_ConfigClockSource                0x08001253   Thumb Code   220  stm32f1xx_hal_tim.o(i.HAL_TIM_ConfigClockSource)
    HAL_UART_Init                            0x0800132f   Thumb Code   100  stm32f1xx_hal_uart.o(i.HAL_UART_Init)
    HAL_UART_MspInit                         0x08001395   Thumb Code   100  stm32f1xx_hal_msp.o(i.HAL_UART_MspInit)
    HardFault_Handler                        0x08001405   Thumb Code     2  stm32f1xx_it.o(i.HardFault_Handler)
    MemManage_Handler                        0x080017e5   Thumb Code     2  stm32f1xx_it.o(i.MemManage_Handler)
    NMI_Handler                              0x080017e7   Thumb Code     2  stm32f1xx_it.o(i.NMI_Handler)
    PendSV_Handler                           0x080017e9   Thumb Code     2  stm32f1xx_it.o(i.PendSV_Handler)
    SSD1306_Display_Hx                       0x080017eb   Thumb Code    30  ssd1306.o(i.SSD1306_Display_Hx)
    SSD1306_Display_Price                    0x08001809   Thumb Code    42  ssd1306.o(i.SSD1306_Display_Price)
    SSD1306_Display_Unit                     0x08001833   Thumb Code    30  ssd1306.o(i.SSD1306_Display_Unit)
    SSD1306_DrawPixel                        0x08001851   Thumb Code    54  ssd1306.o(i.SSD1306_DrawPixel)
    SSD1306_Fill                             0x08001891   Thumb Code    18  ssd1306.o(i.SSD1306_Fill)
    SSD1306_GotoXY                           0x080018a9   Thumb Code     8  ssd1306.o(i.SSD1306_GotoXY)
    SSD1306_Init                             0x080018b5   Thumb Code   350  ssd1306.o(i.SSD1306_Init)
    SSD1306_Putc                             0x08001a1d   Thumb Code   156  ssd1306.o(i.SSD1306_Putc)
    SSD1306_Puts                             0x08001abd   Thumb Code    40  ssd1306.o(i.SSD1306_Puts)
    SSD1306_UpdateScreen                     0x08001ae5   Thumb Code    66  ssd1306.o(i.SSD1306_UpdateScreen)
    SVC_Handler                              0x08001b2d   Thumb Code     2  stm32f1xx_it.o(i.SVC_Handler)
    SysTick_Handler                          0x08001b2f   Thumb Code     4  stm32f1xx_it.o(i.SysTick_Handler)
    SystemClock_Config                       0x08001b33   Thumb Code    94  main.o(i.SystemClock_Config)
    SystemInit                               0x08001b91   Thumb Code     2  system_stm32f1xx.o(i.SystemInit)
    TIM_Base_SetConfig                       0x08001b95   Thumb Code   108  stm32f1xx_hal_tim.o(i.TIM_Base_SetConfig)
    TIM_ETR_SetConfig                        0x08001c0d   Thumb Code    20  stm32f1xx_hal_tim.o(i.TIM_ETR_SetConfig)
    UsageFault_Handler                       0x08001d31   Thumb Code     2  stm32f1xx_it.o(i.UsageFault_Handler)
    __mathlib_dbl_invalid                    0x08001d53   Thumb Code    12  dunder.o(i.__mathlib_dbl_invalid)
    float_to_string                          0x08001d61   Thumb Code   152  ssd1306.o(i.float_to_string)
    floor                                    0x08001dfd   Thumb Code   204  floor.o(i.floor)
    fmod                                     0x08001ed9   Thumb Code   144  fmod.o(i.fmod)
    get_keypad                               0x08001f6d   Thumb Code   308  keypad.o(i.get_keypad)
    hx711_coef_set                           0x080020b9   Thumb Code     4  hx711.o(i.hx711_coef_set)
    hx711_delay_us                           0x080020bd   Thumb Code    46  hx711.o(i.hx711_delay_us)
    hx711_init                               0x080020f9   Thumb Code   120  hx711.o(i.hx711_init)
    hx711_lock                               0x08002171   Thumb Code    26  hx711.o(i.hx711_lock)
    hx711_tare                               0x0800218b   Thumb Code    74  hx711.o(i.hx711_tare)
    hx711_value                              0x080021d5   Thumb Code   144  hx711.o(i.hx711_value)
    hx711_weight                             0x08002265   Thumb Code    90  hx711.o(i.hx711_weight)
    main                                     0x080022c1   Thumb Code   350  main.o(i.main)
    read_keypad                              0x08002471   Thumb Code   648  keypad.o(i.read_keypad)
    ssd1306_I2C_Init                         0x080026fd   Thumb Code     8  ssd1306.o(i.ssd1306_I2C_Init)
    ssd1306_I2C_Write                        0x08002709   Thumb Code    28  ssd1306.o(i.ssd1306_I2C_Write)
    ssd1306_I2C_WriteMulti                   0x08002729   Thumb Code    50  ssd1306.o(i.ssd1306_I2C_WriteMulti)
    __aeabi_d2f                              0x08002761   Thumb Code     0  d2f.o(x$fpl$d2f)
    _d2f                                     0x08002761   Thumb Code    98  d2f.o(x$fpl$d2f)
    __aeabi_dadd                             0x080027c5   Thumb Code     0  daddsub_clz.o(x$fpl$dadd)
    _dadd                                    0x080027c5   Thumb Code   332  daddsub_clz.o(x$fpl$dadd)
    __fpl_dcmp_Inf                           0x08002915   Thumb Code    24  dcmpi.o(x$fpl$dcmpinf)
    __aeabi_ddiv                             0x0800292d   Thumb Code     0  ddiv.o(x$fpl$ddiv)
    _ddiv                                    0x0800292d   Thumb Code   552  ddiv.o(x$fpl$ddiv)
    __aeabi_cdcmple                          0x08002bdd   Thumb Code     0  dleqf.o(x$fpl$dleqf)
    _dcmple                                  0x08002bdd   Thumb Code   120  dleqf.o(x$fpl$dleqf)
    __fpl_dcmple_InfNaN                      0x08002c3f   Thumb Code     0  dleqf.o(x$fpl$dleqf)
    __aeabi_dmul                             0x08002c55   Thumb Code     0  dmul.o(x$fpl$dmul)
    _dmul                                    0x08002c55   Thumb Code   332  dmul.o(x$fpl$dmul)
    __fpl_dnaninf                            0x08002da9   Thumb Code   156  dnaninf.o(x$fpl$dnaninf)
    _drem                                    0x08002e45   Thumb Code   328  drem_clz.o(x$fpl$drem)
    __fpl_dretinf                            0x08002f95   Thumb Code    12  dretinf.o(x$fpl$dretinf)
    __aeabi_cdrcmple                         0x08002fa1   Thumb Code     0  drleqf.o(x$fpl$drleqf)
    _drcmple                                 0x08002fa1   Thumb Code   108  drleqf.o(x$fpl$drleqf)
    __aeabi_drsub                            0x0800300d   Thumb Code     0  daddsub_clz.o(x$fpl$drsb)
    _drsb                                    0x0800300d   Thumb Code    22  daddsub_clz.o(x$fpl$drsb)
    __aeabi_dsub                             0x08003025   Thumb Code     0  daddsub_clz.o(x$fpl$dsub)
    _dsub                                    0x08003025   Thumb Code   464  daddsub_clz.o(x$fpl$dsub)
    __aeabi_f2d                              0x080031f9   Thumb Code     0  f2d.o(x$fpl$f2d)
    _f2d                                     0x080031f9   Thumb Code    86  f2d.o(x$fpl$f2d)
    __aeabi_fadd                             0x08003251   Thumb Code     0  faddsub_clz.o(x$fpl$fadd)
    _fadd                                    0x08003251   Thumb Code   196  faddsub_clz.o(x$fpl$fadd)
    __aeabi_fdiv                             0x08003315   Thumb Code     0  fdiv.o(x$fpl$fdiv)
    _fdiv                                    0x08003315   Thumb Code   384  fdiv.o(x$fpl$fdiv)
    __aeabi_f2iz                             0x08003499   Thumb Code     0  ffix.o(x$fpl$ffix)
    _ffix                                    0x08003499   Thumb Code    54  ffix.o(x$fpl$ffix)
    __aeabi_i2f                              0x080034d1   Thumb Code     0  fflt_clz.o(x$fpl$fflt)
    _fflt                                    0x080034d1   Thumb Code    48  fflt_clz.o(x$fpl$fflt)
    __aeabi_fmul                             0x08003501   Thumb Code     0  fmul.o(x$fpl$fmul)
    _fmul                                    0x08003501   Thumb Code   258  fmul.o(x$fpl$fmul)
    __fpl_fnaninf                            0x08003603   Thumb Code   140  fnaninf.o(x$fpl$fnaninf)
    __fpl_fretinf                            0x0800368f   Thumb Code    10  fretinf.o(x$fpl$fretinf)
    __aeabi_frsub                            0x08003699   Thumb Code     0  faddsub_clz.o(x$fpl$frsb)
    _frsb                                    0x08003699   Thumb Code    20  faddsub_clz.o(x$fpl$frsb)
    __aeabi_fsub                             0x080036ad   Thumb Code     0  faddsub_clz.o(x$fpl$fsub)
    _fsub                                    0x080036ad   Thumb Code   234  faddsub_clz.o(x$fpl$fsub)
    Font11x18                                0x08003796   Data        3420  fonts.o(.constdata)
    __I$use$fp                               0x08003796   Number         0  usenofp.o(x$fpl$usenofp)
    AHBPrescTable                            0x08004504   Data          16  system_stm32f1xx.o(.constdata)
    APBPrescTable                            0x08004514   Data           8  system_stm32f1xx.o(.constdata)
    Region$$Table$$Base                      0x0800451c   Number         0  anon$$obj.o(Region$$Table)
    Region$$Table$$Limit                     0x0800453c   Number         0  anon$$obj.o(Region$$Table)
    Font_11x18                               0x20000000   Data           8  fonts.o(.data)
    weight                                   0x20000020   Data           4  main.o(.data)
    unit_price                               0x20000024   Data           4  main.o(.data)
    total_price                              0x20000028   Data           4  main.o(.data)
    flag_total                               0x2000002c   Data           4  main.o(.data)
    temp_price                               0x20000030   Data           4  main.o(.data)
    uwTickFreq                               0x20000034   Data           1  stm32f1xx_hal.o(.data)
    uwTickPrio                               0x20000038   Data           4  stm32f1xx_hal.o(.data)
    uwTick                                   0x2000003c   Data           4  stm32f1xx_hal.o(.data)
    SystemCoreClock                          0x20000040   Data           4  system_stm32f1xx.o(.data)
    hi2c1                                    0x20000444   Data          84  main.o(.bss)
    htim1                                    0x20000498   Data          72  main.o(.bss)
    huart1                                   0x200004e0   Data          72  main.o(.bss)
    loadcell                                 0x20000528   Data          24  main.o(.bss)
    __libspace_start                         0x20000540   Data          96  libspace.o(.bss)
    __temporary_stack_top$libspace           0x200005a0   Data           0  libspace.o(.bss)



==============================================================================

Memory Map of the image

  Image Entry point : 0x080000ed

  Load Region LR_IROM1 (Base: 0x08000000, Size: 0x00004580, Max: 0x00010000, ABSOLUTE)

    Execution Region ER_IROM1 (Exec base: 0x08000000, Load base: 0x08000000, Size: 0x0000453c, Max: 0x00010000, ABSOLUTE)

    Exec Addr    Load Addr    Size         Type   Attr      Idx    E Section Name        Object

    0x08000000   0x08000000   0x000000ec   Data   RO            3    RESET               startup_stm32f103xb.o
    0x080000ec   0x080000ec   0x00000008   Code   RO         3538  * !!!main             c_w.l(__main.o)
    0x080000f4   0x080000f4   0x00000034   Code   RO         3805    !!!scatter          c_w.l(__scatter.o)
    0x08000128   0x08000128   0x0000001a   Code   RO         3807    !!handler_copy      c_w.l(__scatter_copy.o)
    0x08000142   0x08000142   0x00000002   PAD
    0x08000144   0x08000144   0x0000001c   Code   RO         3809    !!handler_zi        c_w.l(__scatter_zi.o)
    0x08000160   0x08000160   0x00000002   Code   RO         3666    .ARM.Collect$$libinit$$00000000  c_w.l(libinit.o)
    0x08000162   0x08000162   0x00000000   Code   RO         3678    .ARM.Collect$$libinit$$00000002  c_w.l(libinit2.o)
    0x08000162   0x08000162   0x00000000   Code   RO         3680    .ARM.Collect$$libinit$$00000004  c_w.l(libinit2.o)
    0x08000162   0x08000162   0x00000000   Code   RO         3683    .ARM.Collect$$libinit$$0000000A  c_w.l(libinit2.o)
    0x08000162   0x08000162   0x00000000   Code   RO         3685    .ARM.Collect$$libinit$$0000000C  c_w.l(libinit2.o)
    0x08000162   0x08000162   0x00000000   Code   RO         3687    .ARM.Collect$$libinit$$0000000E  c_w.l(libinit2.o)
    0x08000162   0x08000162   0x00000000   Code   RO         3690    .ARM.Collect$$libinit$$00000011  c_w.l(libinit2.o)
    0x08000162   0x08000162   0x00000000   Code   RO         3692    .ARM.Collect$$libinit$$00000013  c_w.l(libinit2.o)
    0x08000162   0x08000162   0x00000000   Code   RO         3694    .ARM.Collect$$libinit$$00000015  c_w.l(libinit2.o)
    0x08000162   0x08000162   0x00000000   Code   RO         3696    .ARM.Collect$$libinit$$00000017  c_w.l(libinit2.o)
    0x08000162   0x08000162   0x00000000   Code   RO         3698    .ARM.Collect$$libinit$$00000019  c_w.l(libinit2.o)
    0x08000162   0x08000162   0x00000000   Code   RO         3700    .ARM.Collect$$libinit$$0000001B  c_w.l(libinit2.o)
    0x08000162   0x08000162   0x00000000   Code   RO         3702    .ARM.Collect$$libinit$$0000001D  c_w.l(libinit2.o)
    0x08000162   0x08000162   0x00000000   Code   RO         3704    .ARM.Collect$$libinit$$0000001F  c_w.l(libinit2.o)
    0x08000162   0x08000162   0x00000000   Code   RO         3706    .ARM.Collect$$libinit$$00000021  c_w.l(libinit2.o)
    0x08000162   0x08000162   0x00000000   Code   RO         3708    .ARM.Collect$$libinit$$00000023  c_w.l(libinit2.o)
    0x08000162   0x08000162   0x00000000   Code   RO         3710    .ARM.Collect$$libinit$$00000025  c_w.l(libinit2.o)
    0x08000162   0x08000162   0x00000000   Code   RO         3714    .ARM.Collect$$libinit$$0000002C  c_w.l(libinit2.o)
    0x08000162   0x08000162   0x00000000   Code   RO         3716    .ARM.Collect$$libinit$$0000002E  c_w.l(libinit2.o)
    0x08000162   0x08000162   0x00000000   Code   RO         3718    .ARM.Collect$$libinit$$00000030  c_w.l(libinit2.o)
    0x08000162   0x08000162   0x00000000   Code   RO         3720    .ARM.Collect$$libinit$$00000032  c_w.l(libinit2.o)
    0x08000162   0x08000162   0x00000002   Code   RO         3721    .ARM.Collect$$libinit$$00000033  c_w.l(libinit2.o)
    0x08000164   0x08000164   0x00000002   Code   RO         3755    .ARM.Collect$$libshutdown$$00000000  c_w.l(libshutdown.o)
    0x08000166   0x08000166   0x00000000   Code   RO         3772    .ARM.Collect$$libshutdown$$00000002  c_w.l(libshutdown2.o)
    0x08000166   0x08000166   0x00000000   Code   RO         3774    .ARM.Collect$$libshutdown$$00000004  c_w.l(libshutdown2.o)
    0x08000166   0x08000166   0x00000000   Code   RO         3777    .ARM.Collect$$libshutdown$$00000007  c_w.l(libshutdown2.o)
    0x08000166   0x08000166   0x00000000   Code   RO         3780    .ARM.Collect$$libshutdown$$0000000A  c_w.l(libshutdown2.o)
    0x08000166   0x08000166   0x00000000   Code   RO         3782    .ARM.Collect$$libshutdown$$0000000C  c_w.l(libshutdown2.o)
    0x08000166   0x08000166   0x00000000   Code   RO         3785    .ARM.Collect$$libshutdown$$0000000F  c_w.l(libshutdown2.o)
    0x08000166   0x08000166   0x00000002   Code   RO         3786    .ARM.Collect$$libshutdown$$00000010  c_w.l(libshutdown2.o)
    0x08000168   0x08000168   0x00000000   Code   RO         3586    .ARM.Collect$$rtentry$$00000000  c_w.l(__rtentry.o)
    0x08000168   0x08000168   0x00000000   Code   RO         3621    .ARM.Collect$$rtentry$$00000002  c_w.l(__rtentry2.o)
    0x08000168   0x08000168   0x00000006   Code   RO         3633    .ARM.Collect$$rtentry$$00000004  c_w.l(__rtentry4.o)
    0x0800016e   0x0800016e   0x00000000   Code   RO         3623    .ARM.Collect$$rtentry$$00000009  c_w.l(__rtentry2.o)
    0x0800016e   0x0800016e   0x00000004   Code   RO         3624    .ARM.Collect$$rtentry$$0000000A  c_w.l(__rtentry2.o)
    0x08000172   0x08000172   0x00000000   Code   RO         3626    .ARM.Collect$$rtentry$$0000000C  c_w.l(__rtentry2.o)
    0x08000172   0x08000172   0x00000008   Code   RO         3627    .ARM.Collect$$rtentry$$0000000D  c_w.l(__rtentry2.o)
    0x0800017a   0x0800017a   0x00000002   Code   RO         3671    .ARM.Collect$$rtexit$$00000000  c_w.l(rtexit.o)
    0x0800017c   0x0800017c   0x00000000   Code   RO         3725    .ARM.Collect$$rtexit$$00000002  c_w.l(rtexit2.o)
    0x0800017c   0x0800017c   0x00000004   Code   RO         3726    .ARM.Collect$$rtexit$$00000003  c_w.l(rtexit2.o)
    0x08000180   0x08000180   0x00000006   Code   RO         3727    .ARM.Collect$$rtexit$$00000004  c_w.l(rtexit2.o)
    0x08000186   0x08000186   0x00000002   PAD
    0x08000188   0x08000188   0x00000040   Code   RO            4    .text               startup_stm32f103xb.o
    0x080001c8   0x080001c8   0x00000048   Code   RO         3528    .text               c_w.l(llsdiv.o)
    0x08000210   0x08000210   0x00000010   Code   RO         3532    .text               c_w.l(aeabi_memset.o)
    0x08000220   0x08000220   0x0000004e   Code   RO         3534    .text               c_w.l(rt_memclr_w.o)
    0x0800026e   0x0800026e   0x00000006   Code   RO         3536    .text               c_w.l(heapauxi.o)
    0x08000274   0x08000274   0x000000ee   Code   RO         3587    .text               c_w.l(lludivv7m.o)
    0x08000362   0x08000362   0x00000016   Code   RO         3589    .text               c_w.l(_rserrno.o)
    0x08000378   0x08000378   0x00000044   Code   RO         3591    .text               c_w.l(rt_memclr.o)
    0x080003bc   0x080003bc   0x00000008   Code   RO         3642    .text               c_w.l(rt_errno_addr_intlibspace.o)
    0x080003c4   0x080003c4   0x00000008   Code   RO         3652    .text               c_w.l(libspace.o)
    0x080003cc   0x080003cc   0x0000004a   Code   RO         3655    .text               c_w.l(sys_stackheap_outer.o)
    0x08000416   0x08000416   0x00000012   Code   RO         3659    .text               c_w.l(exit.o)
    0x08000428   0x08000428   0x0000000c   Code   RO         3743    .text               c_w.l(sys_exit.o)
    0x08000434   0x08000434   0x00000002   Code   RO         3760    .text               c_w.l(use_no_semi.o)
    0x08000436   0x08000436   0x00000000   Code   RO         3762    .text               c_w.l(indicate_semi.o)
    0x08000436   0x08000436   0x00000002   Code   RO          568    i.BusFault_Handler  stm32f1xx_it.o
    0x08000438   0x08000438   0x00000002   Code   RO          569    i.DebugMon_Handler  stm32f1xx_it.o
    0x0800043a   0x0800043a   0x00000002   PAD
    0x0800043c   0x0800043c   0x00000024   Code   RO         1183    i.HAL_Delay         stm32f1xx_hal.o
    0x08000460   0x08000460   0x000001e0   Code   RO         1493    i.HAL_GPIO_Init     stm32f1xx_hal_gpio.o
    0x08000640   0x08000640   0x0000000a   Code   RO         1495    i.HAL_GPIO_ReadPin  stm32f1xx_hal_gpio.o
    0x0800064a   0x0800064a   0x0000000a   Code   RO         1497    i.HAL_GPIO_WritePin  stm32f1xx_hal_gpio.o
    0x08000654   0x08000654   0x0000000c   Code   RO         1187    i.HAL_GetTick       stm32f1xx_hal.o
    0x08000660   0x08000660   0x00000188   Code   RO          750    i.HAL_I2C_Init      stm32f1xx_hal_i2c.o
    0x080007e8   0x080007e8   0x0000016c   Code   RO          751    i.HAL_I2C_IsDeviceReady  stm32f1xx_hal_i2c.o
    0x08000954   0x08000954   0x0000012c   Code   RO          763    i.HAL_I2C_Master_Transmit  stm32f1xx_hal_i2c.o
    0x08000a80   0x08000a80   0x0000005c   Code   RO          644    i.HAL_I2C_MspInit   stm32f1xx_hal_msp.o
    0x08000adc   0x08000adc   0x00000010   Code   RO         1193    i.HAL_IncTick       stm32f1xx_hal.o
    0x08000aec   0x08000aec   0x00000024   Code   RO         1194    i.HAL_Init          stm32f1xx_hal.o
    0x08000b10   0x08000b10   0x00000040   Code   RO         1195    i.HAL_InitTick      stm32f1xx_hal.o
    0x08000b50   0x08000b50   0x0000003c   Code   RO          645    i.HAL_MspInit       stm32f1xx_hal_msp.o
    0x08000b8c   0x08000b8c   0x00000040   Code   RO         1659    i.HAL_NVIC_SetPriority  stm32f1xx_hal_cortex.o
    0x08000bcc   0x08000bcc   0x00000024   Code   RO         1660    i.HAL_NVIC_SetPriorityGrouping  stm32f1xx_hal_cortex.o
    0x08000bf0   0x08000bf0   0x0000012c   Code   RO         1351    i.HAL_RCC_ClockConfig  stm32f1xx_hal_rcc.o
    0x08000d1c   0x08000d1c   0x00000020   Code   RO         1358    i.HAL_RCC_GetPCLK1Freq  stm32f1xx_hal_rcc.o
    0x08000d3c   0x08000d3c   0x00000020   Code   RO         1359    i.HAL_RCC_GetPCLK2Freq  stm32f1xx_hal_rcc.o
    0x08000d5c   0x08000d5c   0x0000004c   Code   RO         1360    i.HAL_RCC_GetSysClockFreq  stm32f1xx_hal_rcc.o
    0x08000da8   0x08000da8   0x00000320   Code   RO         1363    i.HAL_RCC_OscConfig  stm32f1xx_hal_rcc.o
    0x080010c8   0x080010c8   0x00000028   Code   RO         1664    i.HAL_SYSTICK_Config  stm32f1xx_hal_cortex.o
    0x080010f0   0x080010f0   0x00000068   Code   RO         2878    i.HAL_TIMEx_MasterConfigSynchronization  stm32f1xx_hal_tim_ex.o
    0x08001158   0x08001158   0x0000005a   Code   RO         2155    i.HAL_TIM_Base_Init  stm32f1xx_hal_tim.o
    0x080011b2   0x080011b2   0x00000002   PAD
    0x080011b4   0x080011b4   0x00000028   Code   RO          647    i.HAL_TIM_Base_MspInit  stm32f1xx_hal_msp.o
    0x080011dc   0x080011dc   0x00000050   Code   RO         2158    i.HAL_TIM_Base_Start  stm32f1xx_hal_tim.o
    0x0800122c   0x0800122c   0x00000026   Code   RO         2161    i.HAL_TIM_Base_Stop  stm32f1xx_hal_tim.o
    0x08001252   0x08001252   0x000000dc   Code   RO         2164    i.HAL_TIM_ConfigClockSource  stm32f1xx_hal_tim.o
    0x0800132e   0x0800132e   0x00000064   Code   RO         3156    i.HAL_UART_Init     stm32f1xx_hal_uart.o
    0x08001392   0x08001392   0x00000002   PAD
    0x08001394   0x08001394   0x00000070   Code   RO          649    i.HAL_UART_MspInit  stm32f1xx_hal_msp.o
    0x08001404   0x08001404   0x00000002   Code   RO          570    i.HardFault_Handler  stm32f1xx_it.o
    0x08001406   0x08001406   0x0000002e   Code   RO          793    i.I2C_IsAcknowledgeFailed  stm32f1xx_hal_i2c.o
    0x08001434   0x08001434   0x0000009c   Code   RO          797    i.I2C_MasterRequestWrite  stm32f1xx_hal_i2c.o
    0x080014d0   0x080014d0   0x00000056   Code   RO          808    i.I2C_WaitOnBTFFlagUntilTimeout  stm32f1xx_hal_i2c.o
    0x08001526   0x08001526   0x00000002   PAD
    0x08001528   0x08001528   0x00000090   Code   RO          809    i.I2C_WaitOnFlagUntilTimeout  stm32f1xx_hal_i2c.o
    0x080015b8   0x080015b8   0x000000bc   Code   RO          810    i.I2C_WaitOnMasterAddressFlagUntilTimeout  stm32f1xx_hal_i2c.o
    0x08001674   0x08001674   0x00000056   Code   RO          812    i.I2C_WaitOnTXEFlagUntilTimeout  stm32f1xx_hal_i2c.o
    0x080016ca   0x080016ca   0x00000002   PAD
    0x080016cc   0x080016cc   0x000000b0   Code   RO          516    i.MX_GPIO_Init      main.o
    0x0800177c   0x0800177c   0x00000068   Code   RO          517    i.MX_TIM1_Init      main.o
    0x080017e4   0x080017e4   0x00000002   Code   RO          571    i.MemManage_Handler  stm32f1xx_it.o
    0x080017e6   0x080017e6   0x00000002   Code   RO          572    i.NMI_Handler       stm32f1xx_it.o
    0x080017e8   0x080017e8   0x00000002   Code   RO          573    i.PendSV_Handler    stm32f1xx_it.o
    0x080017ea   0x080017ea   0x0000001e   Code   RO          290    i.SSD1306_Display_Hx  ssd1306.o
    0x08001808   0x08001808   0x0000002a   Code   RO          291    i.SSD1306_Display_Price  ssd1306.o
    0x08001832   0x08001832   0x0000001e   Code   RO          292    i.SSD1306_Display_Unit  ssd1306.o
    0x08001850   0x08001850   0x00000040   Code   RO          299    i.SSD1306_DrawPixel  ssd1306.o
    0x08001890   0x08001890   0x00000018   Code   RO          302    i.SSD1306_Fill      ssd1306.o
    0x080018a8   0x080018a8   0x0000000c   Code   RO          303    i.SSD1306_GotoXY    ssd1306.o
    0x080018b4   0x080018b4   0x00000168   Code   RO          304    i.SSD1306_Init      ssd1306.o
    0x08001a1c   0x08001a1c   0x000000a0   Code   RO          308    i.SSD1306_Putc      ssd1306.o
    0x08001abc   0x08001abc   0x00000028   Code   RO          309    i.SSD1306_Puts      ssd1306.o
    0x08001ae4   0x08001ae4   0x00000048   Code   RO          316    i.SSD1306_UpdateScreen  ssd1306.o
    0x08001b2c   0x08001b2c   0x00000002   Code   RO          574    i.SVC_Handler       stm32f1xx_it.o
    0x08001b2e   0x08001b2e   0x00000004   Code   RO          575    i.SysTick_Handler   stm32f1xx_it.o
    0x08001b32   0x08001b32   0x0000005e   Code   RO          518    i.SystemClock_Config  main.o
    0x08001b90   0x08001b90   0x00000002   Code   RO         3490    i.SystemInit        system_stm32f1xx.o
    0x08001b92   0x08001b92   0x00000002   PAD
    0x08001b94   0x08001b94   0x00000078   Code   RO         2248    i.TIM_Base_SetConfig  stm32f1xx_hal_tim.o
    0x08001c0c   0x08001c0c   0x00000014   Code   RO         2259    i.TIM_ETR_SetConfig  stm32f1xx_hal_tim.o
    0x08001c20   0x08001c20   0x00000010   Code   RO         2260    i.TIM_ITRx_SetConfig  stm32f1xx_hal_tim.o
    0x08001c30   0x08001c30   0x00000022   Code   RO         2266    i.TIM_TI1_ConfigInputStage  stm32f1xx_hal_tim.o
    0x08001c52   0x08001c52   0x00000024   Code   RO         2268    i.TIM_TI2_ConfigInputStage  stm32f1xx_hal_tim.o
    0x08001c76   0x08001c76   0x00000002   PAD
    0x08001c78   0x08001c78   0x000000b8   Code   RO         3182    i.UART_SetConfig    stm32f1xx_hal_uart.o
    0x08001d30   0x08001d30   0x00000002   Code   RO          576    i.UsageFault_Handler  stm32f1xx_it.o
    0x08001d32   0x08001d32   0x00000020   Code   RO         1666    i.__NVIC_SetPriority  stm32f1xx_hal_cortex.o
    0x08001d52   0x08001d52   0x0000000c   Code   RO         3609    i.__mathlib_dbl_invalid  m_ws.l(dunder.o)
    0x08001d5e   0x08001d5e   0x00000002   PAD
    0x08001d60   0x08001d60   0x0000009c   Code   RO          317    i.float_to_string   ssd1306.o
    0x08001dfc   0x08001dfc   0x000000dc   Code   RO         3575    i.floor             m_ws.l(floor.o)
    0x08001ed8   0x08001ed8   0x00000094   Code   RO         3579    i.fmod              m_ws.l(fmod.o)
    0x08001f6c   0x08001f6c   0x0000014c   Code   RO          240    i.get_keypad        keypad.o
    0x080020b8   0x080020b8   0x00000004   Code   RO          141    i.hx711_coef_set    hx711.o
    0x080020bc   0x080020bc   0x0000003c   Code   RO          142    i.hx711_delay_us    hx711.o
    0x080020f8   0x080020f8   0x00000078   Code   RO          143    i.hx711_init        hx711.o
    0x08002170   0x08002170   0x0000001a   Code   RO          144    i.hx711_lock        hx711.o
    0x0800218a   0x0800218a   0x0000004a   Code   RO          147    i.hx711_tare        hx711.o
    0x080021d4   0x080021d4   0x00000090   Code   RO          149    i.hx711_value       hx711.o
    0x08002264   0x08002264   0x0000005a   Code   RO          151    i.hx711_weight      hx711.o
    0x080022be   0x080022be   0x00000002   PAD
    0x080022c0   0x080022c0   0x000001b0   Code   RO          519    i.main              main.o
    0x08002470   0x08002470   0x0000028c   Code   RO          241    i.read_keypad       keypad.o
    0x080026fc   0x080026fc   0x0000000c   Code   RO          318    i.ssd1306_I2C_Init  ssd1306.o
    0x08002708   0x08002708   0x00000020   Code   RO          319    i.ssd1306_I2C_Write  ssd1306.o
    0x08002728   0x08002728   0x00000038   Code   RO          320    i.ssd1306_I2C_WriteMulti  ssd1306.o
    0x08002760   0x08002760   0x00000062   Code   RO         3540    x$fpl$d2f           fz_ws.l(d2f.o)
    0x080027c2   0x080027c2   0x00000002   PAD
    0x080027c4   0x080027c4   0x00000150   Code   RO         3542    x$fpl$dadd          fz_ws.l(daddsub_clz.o)
    0x08002914   0x08002914   0x00000018   Code   RO         3669    x$fpl$dcmpinf       fz_ws.l(dcmpi.o)
    0x0800292c   0x0800292c   0x000002b0   Code   RO         3645    x$fpl$ddiv          fz_ws.l(ddiv.o)
    0x08002bdc   0x08002bdc   0x00000078   Code   RO         3648    x$fpl$dleqf         fz_ws.l(dleqf.o)
    0x08002c54   0x08002c54   0x00000154   Code   RO         3548    x$fpl$dmul          fz_ws.l(dmul.o)
    0x08002da8   0x08002da8   0x0000009c   Code   RO         3593    x$fpl$dnaninf       fz_ws.l(dnaninf.o)
    0x08002e44   0x08002e44   0x00000150   Code   RO         3595    x$fpl$drem          fz_ws.l(drem_clz.o)
    0x08002f94   0x08002f94   0x0000000c   Code   RO         3597    x$fpl$dretinf       fz_ws.l(dretinf.o)
    0x08002fa0   0x08002fa0   0x0000006c   Code   RO         3599    x$fpl$drleqf        fz_ws.l(drleqf.o)
    0x0800300c   0x0800300c   0x00000016   Code   RO         3543    x$fpl$drsb          fz_ws.l(daddsub_clz.o)
    0x08003022   0x08003022   0x00000002   PAD
    0x08003024   0x08003024   0x000001d4   Code   RO         3544    x$fpl$dsub          fz_ws.l(daddsub_clz.o)
    0x080031f8   0x080031f8   0x00000056   Code   RO         3550    x$fpl$f2d           fz_ws.l(f2d.o)
    0x0800324e   0x0800324e   0x00000002   PAD
    0x08003250   0x08003250   0x000000c4   Code   RO         3552    x$fpl$fadd          fz_ws.l(faddsub_clz.o)
    0x08003314   0x08003314   0x00000184   Code   RO         3559    x$fpl$fdiv          fz_ws.l(fdiv.o)
    0x08003498   0x08003498   0x00000036   Code   RO         3562    x$fpl$ffix          fz_ws.l(ffix.o)
    0x080034ce   0x080034ce   0x00000002   PAD
    0x080034d0   0x080034d0   0x00000030   Code   RO         3567    x$fpl$fflt          fz_ws.l(fflt_clz.o)
    0x08003500   0x08003500   0x00000102   Code   RO         3572    x$fpl$fmul          fz_ws.l(fmul.o)
    0x08003602   0x08003602   0x0000008c   Code   RO         3601    x$fpl$fnaninf       fz_ws.l(fnaninf.o)
    0x0800368e   0x0800368e   0x0000000a   Code   RO         3603    x$fpl$fretinf       fz_ws.l(fretinf.o)
    0x08003698   0x08003698   0x00000014   Code   RO         3553    x$fpl$frsb          fz_ws.l(faddsub_clz.o)
    0x080036ac   0x080036ac   0x000000ea   Code   RO         3554    x$fpl$fsub          fz_ws.l(faddsub_clz.o)
    0x08003796   0x08003796   0x00000000   Code   RO         3605    x$fpl$usenofp       fz_ws.l(usenofp.o)
    0x08003796   0x08003796   0x00000d5c   Data   RO           15    .constdata          fonts.o
    0x080044f2   0x080044f2   0x00000012   Data   RO         1364    .constdata          stm32f1xx_hal_rcc.o
    0x08004504   0x08004504   0x00000010   Data   RO         3491    .constdata          system_stm32f1xx.o
    0x08004514   0x08004514   0x00000008   Data   RO         3492    .constdata          system_stm32f1xx.o
    0x0800451c   0x0800451c   0x00000020   Data   RO         3803    Region$$Table       anon$$obj.o


    Execution Region RW_IRAM1 (Exec base: 0x20000000, Load base: 0x0800453c, Size: 0x00000ba0, Max: 0x00005000, ABSOLUTE)

    Exec Addr    Load Addr    Size         Type   Attr      Idx    E Section Name        Object

    0x20000000   0x0800453c   0x00000008   Data   RW           18    .data               fonts.o
    0x20000008   0x08004544   0x00000010   Data   RW          242    .data               keypad.o
    0x20000018   0x08004554   0x00000006   Data   RW          322    .data               ssd1306.o
    0x2000001e   0x0800455a   0x00000002   PAD
    0x20000020   0x0800455c   0x00000014   Data   RW          521    .data               main.o
    0x20000034   0x08004570   0x0000000c   Data   RW         1201    .data               stm32f1xx_hal.o
    0x20000040   0x0800457c   0x00000004   Data   RW         3493    .data               system_stm32f1xx.o
    0x20000044        -       0x00000400   Zero   RW          321    .bss                ssd1306.o
    0x20000444        -       0x000000fc   Zero   RW          520    .bss                main.o
    0x20000540        -       0x00000060   Zero   RW         3653    .bss                c_w.l(libspace.o)
    0x200005a0        -       0x00000200   Zero   RW            2    HEAP                startup_stm32f103xb.o
    0x200007a0        -       0x00000400   Zero   RW            1    STACK               startup_stm32f103xb.o


==============================================================================

Image component sizes


      Code (inc. data)   RO Data    RW Data    ZI Data      Debug   Object Name

         0          0       3420          8          0     434631   fonts.o
       518         14          0          0          0       5133   hx711.o
       984         28          0         16          0       2239   keypad.o
       806        104          0         20        252       3558   main.o
      1090         58          0          6       1024      11292   ssd1306.o
        64         26        236          0       1536        796   startup_stm32f103xb.o
       164         28          0         12          0       5793   stm32f1xx_hal.o
       172         14          0          0          0      28218   stm32f1xx_hal_cortex.o
       500         34          0          0          0       3463   stm32f1xx_hal_gpio.o
      1762         42          0          0          0      10389   stm32f1xx_hal_i2c.o
       304         42          0          0          0       2750   stm32f1xx_hal_msp.o
      1240         84         18          0          0       5040   stm32f1xx_hal_rcc.o
       654         26          0          0          0       7180   stm32f1xx_hal_tim.o
       104         12          0          0          0       1332   stm32f1xx_hal_tim_ex.o
       284          6          0          0          0       1892   stm32f1xx_hal_uart.o
        20          0          0          0          0       3758   stm32f1xx_it.o
         2          0         24          4          0       1079   system_stm32f1xx.o

    ----------------------------------------------------------------------
      8684        518       3730         68       2812     528543   Object Totals
         0          0         32          0          0          0   (incl. Generated)
        16          0          0          2          0          0   (incl. Padding)

    ----------------------------------------------------------------------

      Code (inc. data)   RO Data    RW Data    ZI Data      Debug   Library Member Name

         8          0          0          0          0         68   __main.o
         0          0          0          0          0          0   __rtentry.o
        12          0          0          0          0          0   __rtentry2.o
         6          0          0          0          0          0   __rtentry4.o
        52          8          0          0          0          0   __scatter.o
        26          0          0          0          0          0   __scatter_copy.o
        28          0          0          0          0          0   __scatter_zi.o
        22          0          0          0          0        100   _rserrno.o
        16          0          0          0          0         68   aeabi_memset.o
        18          0          0          0          0         80   exit.o
         6          0          0          0          0        152   heapauxi.o
         0          0          0          0          0          0   indicate_semi.o
         2          0          0          0          0          0   libinit.o
         2          0          0          0          0          0   libinit2.o
         2          0          0          0          0          0   libshutdown.o
         2          0          0          0          0          0   libshutdown2.o
         8          4          0          0         96         68   libspace.o
        72          0          0          0          0         76   llsdiv.o
       238          0          0          0          0        100   lludivv7m.o
         8          4          0          0          0         68   rt_errno_addr_intlibspace.o
        68          0          0          0          0         68   rt_memclr.o
        78          0          0          0          0         80   rt_memclr_w.o
         2          0          0          0          0          0   rtexit.o
        10          0          0          0          0          0   rtexit2.o
        12          4          0          0          0         68   sys_exit.o
        74          0          0          0          0         80   sys_stackheap_outer.o
         2          0          0          0          0         68   use_no_semi.o
        98          4          0          0          0         92   d2f.o
       826         16          0          0          0        348   daddsub_clz.o
        24          0          0          0          0         68   dcmpi.o
       688        140          0          0          0        208   ddiv.o
       120          4          0          0          0         92   dleqf.o
       340         12          0          0          0        104   dmul.o
       156          4          0          0          0         92   dnaninf.o
       336         12          0          0          0         88   drem_clz.o
        12          0          0          0          0         68   dretinf.o
       108          0          0          0          0         80   drleqf.o
        86          4          0          0          0         84   f2d.o
       450          8          0          0          0        236   faddsub_clz.o
       388         76          0          0          0         96   fdiv.o
        54          4          0          0          0         84   ffix.o
        48          0          0          0          0         68   fflt_clz.o
       258          4          0          0          0         84   fmul.o
       140          4          0          0          0         84   fnaninf.o
        10          0          0          0          0         68   fretinf.o
         0          0          0          0          0          0   usenofp.o
        12          0          0          0          0         68   dunder.o
       220         16          0          0          0         84   floor.o
       148          4          0          0          0         88   fmod.o

    ----------------------------------------------------------------------
      5310        332          0          0         96       3428   Library Totals
        14          0          0          0          0          0   (incl. Padding)

    ----------------------------------------------------------------------

      Code (inc. data)   RO Data    RW Data    ZI Data      Debug   Library Name

       774         20          0          0         96       1144   c_w.l
      4142        292          0          0          0       2044   fz_ws.l
       380         20          0          0          0        240   m_ws.l

    ----------------------------------------------------------------------
      5310        332          0          0         96       3428   Library Totals

    ----------------------------------------------------------------------

==============================================================================


      Code (inc. data)   RO Data    RW Data    ZI Data      Debug   

     13994        850       3730         68       2908     526351   Grand Totals
     13994        850       3730         68       2908     526351   ELF Image Totals
     13994        850       3730         68          0          0   ROM Totals

==============================================================================

    Total RO  Size (Code + RO Data)                17724 (  17.31kB)
    Total RW  Size (RW Data + ZI Data)              2976 (   2.91kB)
    Total ROM Size (Code + RO Data + RW Data)      17792 (  17.38kB)

==============================================================================

