../Core/Src/ili9341.c:12:13:ILI9341_Select	8	static
../Core/Src/ili9341.c:16:6:ILI9341_Unselect	8	static
../Core/Src/ili9341.c:20:13:ILI9341_Reset	8	static
../Core/Src/ili9341.c:26:13:ILI9341_WriteCommand	16	static
../Core/Src/ili9341.c:32:13:ILI9341_WriteData	24	static
../Core/Src/ili9341.c:45:13:ILI9341_SetAddressWindow	32	static
../Core/Src/ili9341.c:64:6:ILI9341_Init	120	static
../Core/Src/ili9341.c:219:6:ILI9341_DrawPixel	24	static
../Core/Src/ili9341.c:232:13:ILI9341_WriteChar	40	static
../Core/Src/ili9341.c:251:6:ILI9341_WriteString	32	static
../Core/Src/ili9341.c:277:6:ILI9341_FillRectangle	32	static
../Core/Src/ili9341.c:298:6:ILI9341_FillScreen	24	static
../Core/Src/ili9341.c:302:6:ILI9341_DrawImage	24	static
../Core/Src/ili9341.c:313:6:ILI9341_InvertColors	16	static
